------------------------------------------------------------
TimeQuest Timing Analyzer Summary
------------------------------------------------------------

Type  : Slow 1100mV 85C Model Setup 'clk'
Slack : -0.073
TNS   : -0.116

Type  : Slow 1100mV 85C Model Hold 'clk'
Slack : 0.418
TNS   : 0.000

Type  : Slow 1100mV 85C Model Minimum Pulse Width 'clk'
Slack : -0.394
TNS   : -1.048

Type  : Slow 1100mV 0C Model Setup 'clk'
Slack : -0.113
TNS   : -0.186

Type  : Slow 1100mV 0C Model Hold 'clk'
Slack : 0.391
TNS   : 0.000

Type  : Slow 1100mV 0C Model Minimum Pulse Width 'clk'
Slack : -0.394
TNS   : -1.141

Type  : Fast 1100mV 85C Model Setup 'clk'
Slack : 0.316
TNS   : 0.000

Type  : Fast 1100mV 85C Model Hold 'clk'
Slack : 0.200
TNS   : 0.000

Type  : Fast 1100mV 85C Model Minimum Pulse Width 'clk'
Slack : -0.077
TNS   : -0.153

Type  : Fast 1100mV 0C Model Setup 'clk'
Slack : 0.363
TNS   : 0.000

Type  : Fast 1100mV 0C Model Hold 'clk'
Slack : 0.191
TNS   : 0.000

Type  : Fast 1100mV 0C Model Minimum Pulse Width 'clk'
Slack : -0.078
TNS   : -0.154

------------------------------------------------------------
