Analysis & Synthesis report for dds
Mon Jun 26 22:19:12 2023
Quartus Prime Version 16.1.2 Build 203 01/18/2017 SJ Lite Edition


---------------------
; Table of Contents ;
---------------------
  1. Legal Notice
  2. Analysis & Synthesis Summary
  3. Analysis & Synthesis Settings
  4. Parallel Compilation
  5. Analysis & Synthesis Source Files Read
  6. Analysis & Synthesis Resource Usage Summary
  7. Analysis & Synthesis Resource Utilization by Entity
  8. Analysis & Synthesis RAM Summary
  9. Analysis & Synthesis DSP Block Usage Summary
 10. Registers Removed During Synthesis
 11. General Register Statistics
 12. Registers Packed Into Inferred Megafunctions
 13. Multiplexer Restructuring Statistics (Restructuring Performed)
 14. Source assignments for waveform_gen:waveform_gen_inst|sincos_lut:lut|altsyncram:SIN_ROM_rtl_0|altsyncram_k7d1:auto_generated
 15. Source assignments for waveform_gen:waveform_gen_inst|sincos_lut:lut|altsyncram:COS_ROM_rtl_0|altsyncram_l7d1:auto_generated
 16. Parameter Settings for User Entity Instance: clk_up:clk_up_lfsr
 17. Parameter Settings for User Entity Instance: clk_down:clk_down_modulation
 18. Parameter Settings for User Entity Instance: clk_down:clk_down_signal
 19. Parameter Settings for Inferred Entity Instance: waveform_gen:waveform_gen_inst|sincos_lut:lut|altsyncram:SIN_ROM_rtl_0
 20. Parameter Settings for Inferred Entity Instance: waveform_gen:waveform_gen_inst|sincos_lut:lut|altsyncram:COS_ROM_rtl_0
 21. altsyncram Parameter Settings by Entity Instance
 22. Port Connectivity Checks: "waveform_gen:waveform_gen_inst"
 23. Post-Synthesis Netlist Statistics for Top Partition
 24. Elapsed Time Per Partition
 25. Analysis & Synthesis Messages



----------------
; Legal Notice ;
----------------
Copyright (C) 2017  Intel Corporation. All rights reserved.
Your use of Intel Corporation's design tools, logic functions 
and other software and tools, and its AMPP partner logic 
functions, and any output files from any of the foregoing 
(including device programming or simulation files), and any 
associated documentation or information are expressly subject 
to the terms and conditions of the Intel Program License 
Subscription Agreement, the Intel Quartus Prime License Agreement,
the Intel MegaCore Function License Agreement, or other 
applicable license agreement, including, without limitation, 
that your use is for the sole purpose of programming logic 
devices manufactured by Intel and sold by Intel or its 
authorized distributors.  Please refer to the applicable 
agreement for further details.



+-------------------------------------------------------------------------------+
; Analysis & Synthesis Summary                                                  ;
+---------------------------------+---------------------------------------------+
; Analysis & Synthesis Status     ; Successful - Mon Jun 26 22:19:12 2023       ;
; Quartus Prime Version           ; 16.1.2 Build 203 01/18/2017 SJ Lite Edition ;
; Revision Name                   ; dds                                         ;
; Top-level Entity Name           ; dds                                         ;
; Family                          ; Cyclone V                                   ;
; Logic utilization (in ALMs)     ; N/A                                         ;
; Total registers                 ; 148                                         ;
; Total pins                      ; 64                                          ;
; Total virtual pins              ; 0                                           ;
; Total block memory bits         ; 98,304                                      ;
; Total DSP Blocks                ; 1                                           ;
; Total HSSI RX PCSs              ; 0                                           ;
; Total HSSI PMA RX Deserializers ; 0                                           ;
; Total HSSI TX PCSs              ; 0                                           ;
; Total HSSI PMA TX Serializers   ; 0                                           ;
; Total PLLs                      ; 0                                           ;
; Total DLLs                      ; 0                                           ;
+---------------------------------+---------------------------------------------+


+---------------------------------------------------------------------------------------------------------------------------+
; Analysis & Synthesis Settings                                                                                             ;
+---------------------------------------------------------------------------------+--------------------+--------------------+
; Option                                                                          ; Setting            ; Default Value      ;
+---------------------------------------------------------------------------------+--------------------+--------------------+
; Device                                                                          ; 5CSEMA5F31C6       ;                    ;
; Top-level entity name                                                           ; dds                ; dds                ;
; Family name                                                                     ; Cyclone V          ; Cyclone V          ;
; Use smart compilation                                                           ; Off                ; Off                ;
; Enable parallel Assembler and TimeQuest Timing Analyzer during compilation      ; On                 ; On                 ;
; Enable compact report table                                                     ; Off                ; Off                ;
; Restructure Multiplexers                                                        ; Auto               ; Auto               ;
; MLAB Add Timing Constraints For Mixed-Port Feed-Through Mode Setting Don't Care ; Off                ; Off                ;
; Create Debugging Nodes for IP Cores                                             ; Off                ; Off                ;
; Preserve fewer node names                                                       ; On                 ; On                 ;
; OpenCore Plus hardware evaluation                                               ; Enable             ; Enable             ;
; Verilog Version                                                                 ; Verilog_2001       ; Verilog_2001       ;
; VHDL Version                                                                    ; VHDL_1993          ; VHDL_1993          ;
; State Machine Processing                                                        ; Auto               ; Auto               ;
; Safe State Machine                                                              ; Off                ; Off                ;
; Extract Verilog State Machines                                                  ; On                 ; On                 ;
; Extract VHDL State Machines                                                     ; On                 ; On                 ;
; Ignore Verilog initial constructs                                               ; Off                ; Off                ;
; Iteration limit for constant Verilog loops                                      ; 5000               ; 5000               ;
; Iteration limit for non-constant Verilog loops                                  ; 250                ; 250                ;
; Add Pass-Through Logic to Inferred RAMs                                         ; On                 ; On                 ;
; Infer RAMs from Raw Logic                                                       ; On                 ; On                 ;
; Parallel Synthesis                                                              ; On                 ; On                 ;
; DSP Block Balancing                                                             ; Auto               ; Auto               ;
; NOT Gate Push-Back                                                              ; On                 ; On                 ;
; Power-Up Don't Care                                                             ; On                 ; On                 ;
; Remove Redundant Logic Cells                                                    ; Off                ; Off                ;
; Remove Duplicate Registers                                                      ; On                 ; On                 ;
; Ignore CARRY Buffers                                                            ; Off                ; Off                ;
; Ignore CASCADE Buffers                                                          ; Off                ; Off                ;
; Ignore GLOBAL Buffers                                                           ; Off                ; Off                ;
; Ignore ROW GLOBAL Buffers                                                       ; Off                ; Off                ;
; Ignore LCELL Buffers                                                            ; Off                ; Off                ;
; Ignore SOFT Buffers                                                             ; On                 ; On                 ;
; Limit AHDL Integers to 32 Bits                                                  ; Off                ; Off                ;
; Optimization Technique                                                          ; Balanced           ; Balanced           ;
; Carry Chain Length                                                              ; 70                 ; 70                 ;
; Auto Carry Chains                                                               ; On                 ; On                 ;
; Auto Open-Drain Pins                                                            ; On                 ; On                 ;
; Perform WYSIWYG Primitive Resynthesis                                           ; Off                ; Off                ;
; Auto ROM Replacement                                                            ; On                 ; On                 ;
; Auto RAM Replacement                                                            ; On                 ; On                 ;
; Auto DSP Block Replacement                                                      ; On                 ; On                 ;
; Auto Shift Register Replacement                                                 ; Auto               ; Auto               ;
; Allow Shift Register Merging across Hierarchies                                 ; Auto               ; Auto               ;
; Auto Clock Enable Replacement                                                   ; On                 ; On                 ;
; Strict RAM Replacement                                                          ; Off                ; Off                ;
; Allow Synchronous Control Signals                                               ; On                 ; On                 ;
; Force Use of Synchronous Clear Signals                                          ; Off                ; Off                ;
; Auto Resource Sharing                                                           ; Off                ; Off                ;
; Allow Any RAM Size For Recognition                                              ; Off                ; Off                ;
; Allow Any ROM Size For Recognition                                              ; Off                ; Off                ;
; Allow Any Shift Register Size For Recognition                                   ; Off                ; Off                ;
; Use LogicLock Constraints during Resource Balancing                             ; On                 ; On                 ;
; Ignore translate_off and synthesis_off directives                               ; Off                ; Off                ;
; Timing-Driven Synthesis                                                         ; On                 ; On                 ;
; Report Parameter Settings                                                       ; On                 ; On                 ;
; Report Source Assignments                                                       ; On                 ; On                 ;
; Report Connectivity Checks                                                      ; On                 ; On                 ;
; Ignore Maximum Fan-Out Assignments                                              ; Off                ; Off                ;
; Synchronization Register Chain Length                                           ; 3                  ; 3                  ;
; PowerPlay Power Optimization During Synthesis                                   ; Normal compilation ; Normal compilation ;
; HDL message level                                                               ; Level2             ; Level2             ;
; Suppress Register Optimization Related Messages                                 ; Off                ; Off                ;
; Number of Removed Registers Reported in Synthesis Report                        ; 5000               ; 5000               ;
; Number of Swept Nodes Reported in Synthesis Report                              ; 5000               ; 5000               ;
; Number of Inverted Registers Reported in Synthesis Report                       ; 100                ; 100                ;
; Clock MUX Protection                                                            ; On                 ; On                 ;
; Auto Gated Clock Conversion                                                     ; Off                ; Off                ;
; Block Design Naming                                                             ; Auto               ; Auto               ;
; SDC constraint protection                                                       ; Off                ; Off                ;
; Synthesis Effort                                                                ; Auto               ; Auto               ;
; Shift Register Replacement - Allow Asynchronous Clear Signal                    ; On                 ; On                 ;
; Pre-Mapping Resynthesis Optimization                                            ; Off                ; Off                ;
; Analysis & Synthesis Message Level                                              ; Medium             ; Medium             ;
; Disable Register Merging Across Hierarchies                                     ; Auto               ; Auto               ;
; Resource Aware Inference For Block RAM                                          ; On                 ; On                 ;
; Automatic Parallel Synthesis                                                    ; On                 ; On                 ;
; Partial Reconfiguration Bitstream ID                                            ; Off                ; Off                ;
+---------------------------------------------------------------------------------+--------------------+--------------------+


+------------------------------------------+
; Parallel Compilation                     ;
+----------------------------+-------------+
; Processors                 ; Number      ;
+----------------------------+-------------+
; Number detected on machine ; 12          ;
; Maximum allowed            ; 12          ;
;                            ;             ;
; Average used               ; 1.00        ;
; Maximum used               ; 12          ;
;                            ;             ;
; Usage by Processor         ; % Time Used ;
;     Processor 1            ; 100.0%      ;
;     Processor 2            ;   0.0%      ;
;     Processors 3-12        ;   0.0%      ;
+----------------------------+-------------+


+--------------------------------------------------------------------------------------------------------------------------------------------------------------------------------------------------------------------------------------------------+
; Analysis & Synthesis Source Files Read                                                                                                                                                                                                           ;
+-----------------------------------------+-----------------+-------------------------------------------------------+--------------------------------------------------------------------------------------------------------------------+---------+
; File Name with User-Entered Path        ; Used in Netlist ; File Type                                             ; File Name with Absolute Path                                                                                       ; Library ;
+-----------------------------------------+-----------------+-------------------------------------------------------+--------------------------------------------------------------------------------------------------------------------+---------+
; waveform_gen.vhd                        ; yes             ; User VHDL File                                        ; C:/Users/Admin/Documents/GitHub/CPEN-311/James_Park_70315379_Lab_5/sim/dds/waveform_gen.vhd                        ;         ;
; sincos_lut.vhd                          ; yes             ; User VHDL File                                        ; C:/Users/Admin/Documents/GitHub/CPEN-311/James_Park_70315379_Lab_5/sim/dds/sincos_lut.vhd                          ;         ;
; clk_up.sv                               ; yes             ; User SystemVerilog HDL File                           ; C:/Users/Admin/Documents/GitHub/CPEN-311/James_Park_70315379_Lab_5/sim/dds/clk_up.sv                               ;         ;
; clk_down.sv                             ; yes             ; User SystemVerilog HDL File                           ; C:/Users/Admin/Documents/GitHub/CPEN-311/James_Park_70315379_Lab_5/sim/dds/clk_down.sv                             ;         ;
; dds.sv                                  ; yes             ; User SystemVerilog HDL File                           ; C:/Users/Admin/Documents/GitHub/CPEN-311/James_Park_70315379_Lab_5/sim/dds/dds.sv                                  ;         ;
; altsyncram.tdf                          ; yes             ; Megafunction                                          ; c:/intelfpga_lite/16.1/quartus/libraries/megafunctions/altsyncram.tdf                                              ;         ;
; stratix_ram_block.inc                   ; yes             ; Megafunction                                          ; c:/intelfpga_lite/16.1/quartus/libraries/megafunctions/stratix_ram_block.inc                                       ;         ;
; lpm_mux.inc                             ; yes             ; Megafunction                                          ; c:/intelfpga_lite/16.1/quartus/libraries/megafunctions/lpm_mux.inc                                                 ;         ;
; lpm_decode.inc                          ; yes             ; Megafunction                                          ; c:/intelfpga_lite/16.1/quartus/libraries/megafunctions/lpm_decode.inc                                              ;         ;
; aglobal161.inc                          ; yes             ; Megafunction                                          ; c:/intelfpga_lite/16.1/quartus/libraries/megafunctions/aglobal161.inc                                              ;         ;
; a_rdenreg.inc                           ; yes             ; Megafunction                                          ; c:/intelfpga_lite/16.1/quartus/libraries/megafunctions/a_rdenreg.inc                                               ;         ;
; altrom.inc                              ; yes             ; Megafunction                                          ; c:/intelfpga_lite/16.1/quartus/libraries/megafunctions/altrom.inc                                                  ;         ;
; altram.inc                              ; yes             ; Megafunction                                          ; c:/intelfpga_lite/16.1/quartus/libraries/megafunctions/altram.inc                                                  ;         ;
; altdpram.inc                            ; yes             ; Megafunction                                          ; c:/intelfpga_lite/16.1/quartus/libraries/megafunctions/altdpram.inc                                                ;         ;
; db/altsyncram_k7d1.tdf                  ; yes             ; Auto-Generated Megafunction                           ; C:/Users/Admin/Documents/GitHub/CPEN-311/James_Park_70315379_Lab_5/sim/dds/db/altsyncram_k7d1.tdf                  ;         ;
; db/dds.ram0_sincos_lut_ac05b4c2.hdl.mif ; yes             ; Auto-Generated Auto-Found Memory Initialization File  ; C:/Users/Admin/Documents/GitHub/CPEN-311/James_Park_70315379_Lab_5/sim/dds/db/dds.ram0_sincos_lut_ac05b4c2.hdl.mif ;         ;
; db/altsyncram_l7d1.tdf                  ; yes             ; Auto-Generated Megafunction                           ; C:/Users/Admin/Documents/GitHub/CPEN-311/James_Park_70315379_Lab_5/sim/dds/db/altsyncram_l7d1.tdf                  ;         ;
; db/dds.ram1_sincos_lut_ac05b4c2.hdl.mif ; yes             ; Auto-Generated Auto-Found Memory Initialization File  ; C:/Users/Admin/Documents/GitHub/CPEN-311/James_Park_70315379_Lab_5/sim/dds/db/dds.ram1_sincos_lut_ac05b4c2.hdl.mif ;         ;
+-----------------------------------------+-----------------+-------------------------------------------------------+--------------------------------------------------------------------------------------------------------------------+---------+


+---------------------------------------------------------+
; Analysis & Synthesis Resource Usage Summary             ;
+---------------------------------------------+-----------+
; Resource                                    ; Usage     ;
+---------------------------------------------+-----------+
; Estimate of Logic utilization (ALMs needed) ; 75        ;
;                                             ;           ;
; Combinational ALUT usage for logic          ; 59        ;
;     -- 7 input functions                    ; 0         ;
;     -- 6 input functions                    ; 23        ;
;     -- 5 input functions                    ; 1         ;
;     -- 4 input functions                    ; 0         ;
;     -- <=3 input functions                  ; 35        ;
;                                             ;           ;
; Dedicated logic registers                   ; 148       ;
;                                             ;           ;
; I/O pins                                    ; 64        ;
; Total MLAB memory bits                      ; 0         ;
; Total block memory bits                     ; 98304     ;
;                                             ;           ;
; Total DSP Blocks                            ; 1         ;
;                                             ;           ;
; Maximum fan-out node                        ; clk~input ;
; Maximum fan-out                             ; 147       ;
; Total fan-out                               ; 1021      ;
; Average fan-out                             ; 2.84      ;
+---------------------------------------------+-----------+


+-----------------------------------------------------------------------------------------------------------------------------------------------------------------------------------------------------------------------------------------------------------------------------------------------------+
; Analysis & Synthesis Resource Utilization by Entity                                                                                                                                                                                                                                                 ;
+----------------------------------------------+---------------------+---------------------------+-------------------+------------+------+--------------+------------------------------------------------------------------------------------------------------------+-----------------+--------------+
; Compilation Hierarchy Node                   ; Combinational ALUTs ; Dedicated Logic Registers ; Block Memory Bits ; DSP Blocks ; Pins ; Virtual Pins ; Full Hierarchy Name                                                                                        ; Entity Name     ; Library Name ;
+----------------------------------------------+---------------------+---------------------------+-------------------+------------+------+--------------+------------------------------------------------------------------------------------------------------------+-----------------+--------------+
; |dds                                         ; 59 (26)             ; 148 (25)                  ; 98304             ; 1          ; 64   ; 0            ; |dds                                                                                                       ; dds             ; work         ;
;    |clk_down:clk_down_modulation|            ; 0 (0)               ; 38 (38)                   ; 0                 ; 0          ; 0    ; 0            ; |dds|clk_down:clk_down_modulation                                                                          ; clk_down        ; work         ;
;    |clk_down:clk_down_signal|                ; 0 (0)               ; 36 (36)                   ; 0                 ; 0          ; 0    ; 0            ; |dds|clk_down:clk_down_signal                                                                              ; clk_down        ; work         ;
;    |clk_up:clk_up_lfsr|                      ; 1 (1)               ; 5 (5)                     ; 0                 ; 0          ; 0    ; 0            ; |dds|clk_up:clk_up_lfsr                                                                                    ; clk_up          ; work         ;
;    |waveform_gen:waveform_gen_inst|          ; 32 (32)             ; 44 (44)                   ; 98304             ; 0          ; 0    ; 0            ; |dds|waveform_gen:waveform_gen_inst                                                                        ; waveform_gen    ; work         ;
;       |sincos_lut:lut|                       ; 0 (0)               ; 0 (0)                     ; 98304             ; 0          ; 0    ; 0            ; |dds|waveform_gen:waveform_gen_inst|sincos_lut:lut                                                         ; sincos_lut      ; work         ;
;          |altsyncram:COS_ROM_rtl_0|          ; 0 (0)               ; 0 (0)                     ; 49152             ; 0          ; 0    ; 0            ; |dds|waveform_gen:waveform_gen_inst|sincos_lut:lut|altsyncram:COS_ROM_rtl_0                                ; altsyncram      ; work         ;
;             |altsyncram_l7d1:auto_generated| ; 0 (0)               ; 0 (0)                     ; 49152             ; 0          ; 0    ; 0            ; |dds|waveform_gen:waveform_gen_inst|sincos_lut:lut|altsyncram:COS_ROM_rtl_0|altsyncram_l7d1:auto_generated ; altsyncram_l7d1 ; work         ;
;          |altsyncram:SIN_ROM_rtl_0|          ; 0 (0)               ; 0 (0)                     ; 49152             ; 0          ; 0    ; 0            ; |dds|waveform_gen:waveform_gen_inst|sincos_lut:lut|altsyncram:SIN_ROM_rtl_0                                ; altsyncram      ; work         ;
;             |altsyncram_k7d1:auto_generated| ; 0 (0)               ; 0 (0)                     ; 49152             ; 0          ; 0    ; 0            ; |dds|waveform_gen:waveform_gen_inst|sincos_lut:lut|altsyncram:SIN_ROM_rtl_0|altsyncram_k7d1:auto_generated ; altsyncram_k7d1 ; work         ;
+----------------------------------------------+---------------------+---------------------------+-------------------+------------+------+--------------+------------------------------------------------------------------------------------------------------------+-----------------+--------------+
Note: For table entries with two numbers listed, the numbers in parentheses indicate the number of resources of the given type used by the specific entity alone. The numbers listed outside of parentheses indicate the total resources of the given type used by the specific entity and all of its sub-entities in the hierarchy.


+----------------------------------------------------------------------------------------------------------------------------------------------------------------------------------------------------------------------------------------------+
; Analysis & Synthesis RAM Summary                                                                                                                                                                                                             ;
+------------------------------------------------------------------------------------------------------------------+------+------+--------------+--------------+--------------+--------------+-------+-----------------------------------------+
; Name                                                                                                             ; Type ; Mode ; Port A Depth ; Port A Width ; Port B Depth ; Port B Width ; Size  ; MIF                                     ;
+------------------------------------------------------------------------------------------------------------------+------+------+--------------+--------------+--------------+--------------+-------+-----------------------------------------+
; waveform_gen:waveform_gen_inst|sincos_lut:lut|altsyncram:COS_ROM_rtl_0|altsyncram_l7d1:auto_generated|ALTSYNCRAM ; AUTO ; ROM  ; 4096         ; 12           ; --           ; --           ; 49152 ; db/dds.ram1_sincos_lut_ac05b4c2.hdl.mif ;
; waveform_gen:waveform_gen_inst|sincos_lut:lut|altsyncram:SIN_ROM_rtl_0|altsyncram_k7d1:auto_generated|ALTSYNCRAM ; AUTO ; ROM  ; 4096         ; 12           ; --           ; --           ; 49152 ; db/dds.ram0_sincos_lut_ac05b4c2.hdl.mif ;
+------------------------------------------------------------------------------------------------------------------+------+------+--------------+--------------+--------------+--------------+-------+-----------------------------------------+


+-----------------------------------------------+
; Analysis & Synthesis DSP Block Usage Summary  ;
+---------------------------------+-------------+
; Statistic                       ; Number Used ;
+---------------------------------+-------------+
; Two Independent 18x18           ; 1           ;
; Total number of DSP blocks      ; 1           ;
;                                 ;             ;
; Fixed Point Unsigned Multiplier ; 1           ;
+---------------------------------+-------------+


+-------------------------------------------------------------------------------------+
; Registers Removed During Synthesis                                                  ;
+---------------------------------------+---------------------------------------------+
; Register name                         ; Reason for Removal                          ;
+---------------------------------------+---------------------------------------------+
; clk_down:clk_down_signal|en           ; Merged with clk_down:clk_down_modulation|en ;
; clk_down:clk_down_signal|ff           ; Merged with clk_down:clk_down_modulation|ff ;
; Total Number of Removed Registers = 2 ;                                             ;
+---------------------------------------+---------------------------------------------+


+------------------------------------------------------+
; General Register Statistics                          ;
+----------------------------------------------+-------+
; Statistic                                    ; Value ;
+----------------------------------------------+-------+
; Total registers                              ; 148   ;
; Number of registers using Synchronous Clear  ; 11    ;
; Number of registers using Synchronous Load   ; 0     ;
; Number of registers using Asynchronous Clear ; 0     ;
; Number of registers using Asynchronous Load  ; 0     ;
; Number of registers using Clock Enable       ; 24    ;
; Number of registers using Preset             ; 0     ;
+----------------------------------------------+-------+


+-----------------------------------------------------------------------------------------------------------------------------------+
; Registers Packed Into Inferred Megafunctions                                                                                      ;
+--------------------------------------------------------------+-------------------------------------------------------------+------+
; Register Name                                                ; Megafunction                                                ; Type ;
+--------------------------------------------------------------+-------------------------------------------------------------+------+
; waveform_gen:waveform_gen_inst|sincos_lut:lut|sin_out[0..11] ; waveform_gen:waveform_gen_inst|sincos_lut:lut|SIN_ROM_rtl_0 ; RAM  ;
; waveform_gen:waveform_gen_inst|sincos_lut:lut|cos_out[0..11] ; waveform_gen:waveform_gen_inst|sincos_lut:lut|COS_ROM_rtl_0 ; RAM  ;
+--------------------------------------------------------------+-------------------------------------------------------------+------+


+------------------------------------------------------------------------------------------------------------------------------------------+
; Multiplexer Restructuring Statistics (Restructuring Performed)                                                                           ;
+--------------------+-----------+---------------+----------------------+------------------------+------------+----------------------------+
; Multiplexer Inputs ; Bus Width ; Baseline Area ; Area if Restructured ; Saving if Restructured ; Registered ; Example Multiplexer Output ;
+--------------------+-----------+---------------+----------------------+------------------------+------------+----------------------------+
; 4:1                ; 12 bits   ; 24 LEs        ; 24 LEs               ; 0 LEs                  ; Yes        ; |dds|reg_sig_out[11]       ;
; 5:1                ; 11 bits   ; 33 LEs        ; 22 LEs               ; 11 LEs                 ; Yes        ; |dds|reg_mod_out[3]        ;
+--------------------+-----------+---------------+----------------------+------------------------+------------+----------------------------+


+------------------------------------------------------------------------------------------------------------------------------+
; Source assignments for waveform_gen:waveform_gen_inst|sincos_lut:lut|altsyncram:SIN_ROM_rtl_0|altsyncram_k7d1:auto_generated ;
+---------------------------------+--------------------+------+----------------------------------------------------------------+
; Assignment                      ; Value              ; From ; To                                                             ;
+---------------------------------+--------------------+------+----------------------------------------------------------------+
; OPTIMIZE_POWER_DURING_SYNTHESIS ; NORMAL_COMPILATION ; -    ; -                                                              ;
+---------------------------------+--------------------+------+----------------------------------------------------------------+


+------------------------------------------------------------------------------------------------------------------------------+
; Source assignments for waveform_gen:waveform_gen_inst|sincos_lut:lut|altsyncram:COS_ROM_rtl_0|altsyncram_l7d1:auto_generated ;
+---------------------------------+--------------------+------+----------------------------------------------------------------+
; Assignment                      ; Value              ; From ; To                                                             ;
+---------------------------------+--------------------+------+----------------------------------------------------------------+
; OPTIMIZE_POWER_DURING_SYNTHESIS ; NORMAL_COMPILATION ; -    ; -                                                              ;
+---------------------------------+--------------------+------+----------------------------------------------------------------+


+-----------------------------------------------------------------+
; Parameter Settings for User Entity Instance: clk_up:clk_up_lfsr ;
+----------------+-------+----------------------------------------+
; Parameter Name ; Value ; Type                                   ;
+----------------+-------+----------------------------------------+
; WIDTH          ; 1     ; Signed Integer                         ;
+----------------+-------+----------------------------------------+
Note: In order to hide this table in the UI and the text report file, please set the "Show Parameter Settings in Synthesis Report" option in "Analysis and Synthesis Settings -> More Settings" to "Off".


+---------------------------------------------------------------------------+
; Parameter Settings for User Entity Instance: clk_down:clk_down_modulation ;
+----------------+-------+--------------------------------------------------+
; Parameter Name ; Value ; Type                                             ;
+----------------+-------+--------------------------------------------------+
; WIDTH          ; 12    ; Signed Integer                                   ;
+----------------+-------+--------------------------------------------------+
Note: In order to hide this table in the UI and the text report file, please set the "Show Parameter Settings in Synthesis Report" option in "Analysis and Synthesis Settings -> More Settings" to "Off".


+-----------------------------------------------------------------------+
; Parameter Settings for User Entity Instance: clk_down:clk_down_signal ;
+----------------+-------+----------------------------------------------+
; Parameter Name ; Value ; Type                                         ;
+----------------+-------+----------------------------------------------+
; WIDTH          ; 12    ; Signed Integer                               ;
+----------------+-------+----------------------------------------------+
Note: In order to hide this table in the UI and the text report file, please set the "Show Parameter Settings in Synthesis Report" option in "Analysis and Synthesis Settings -> More Settings" to "Off".


+-------------------------------------------------------------------------------------------------------------------------+
; Parameter Settings for Inferred Entity Instance: waveform_gen:waveform_gen_inst|sincos_lut:lut|altsyncram:SIN_ROM_rtl_0 ;
+------------------------------------+-----------------------------------------+------------------------------------------+
; Parameter Name                     ; Value                                   ; Type                                     ;
+------------------------------------+-----------------------------------------+------------------------------------------+
; BYTE_SIZE_BLOCK                    ; 8                                       ; Untyped                                  ;
; AUTO_CARRY_CHAINS                  ; ON                                      ; AUTO_CARRY                               ;
; IGNORE_CARRY_BUFFERS               ; OFF                                     ; IGNORE_CARRY                             ;
; AUTO_CASCADE_CHAINS                ; ON                                      ; AUTO_CASCADE                             ;
; IGNORE_CASCADE_BUFFERS             ; OFF                                     ; IGNORE_CASCADE                           ;
; WIDTH_BYTEENA                      ; 1                                       ; Untyped                                  ;
; OPERATION_MODE                     ; ROM                                     ; Untyped                                  ;
; WIDTH_A                            ; 12                                      ; Untyped                                  ;
; WIDTHAD_A                          ; 12                                      ; Untyped                                  ;
; NUMWORDS_A                         ; 4096                                    ; Untyped                                  ;
; OUTDATA_REG_A                      ; UNREGISTERED                            ; Untyped                                  ;
; ADDRESS_ACLR_A                     ; NONE                                    ; Untyped                                  ;
; OUTDATA_ACLR_A                     ; NONE                                    ; Untyped                                  ;
; WRCONTROL_ACLR_A                   ; NONE                                    ; Untyped                                  ;
; INDATA_ACLR_A                      ; NONE                                    ; Untyped                                  ;
; BYTEENA_ACLR_A                     ; NONE                                    ; Untyped                                  ;
; WIDTH_B                            ; 1                                       ; Untyped                                  ;
; WIDTHAD_B                          ; 1                                       ; Untyped                                  ;
; NUMWORDS_B                         ; 1                                       ; Untyped                                  ;
; INDATA_REG_B                       ; CLOCK1                                  ; Untyped                                  ;
; WRCONTROL_WRADDRESS_REG_B          ; CLOCK1                                  ; Untyped                                  ;
; RDCONTROL_REG_B                    ; CLOCK1                                  ; Untyped                                  ;
; ADDRESS_REG_B                      ; CLOCK1                                  ; Untyped                                  ;
; OUTDATA_REG_B                      ; UNREGISTERED                            ; Untyped                                  ;
; BYTEENA_REG_B                      ; CLOCK1                                  ; Untyped                                  ;
; INDATA_ACLR_B                      ; NONE                                    ; Untyped                                  ;
; WRCONTROL_ACLR_B                   ; NONE                                    ; Untyped                                  ;
; ADDRESS_ACLR_B                     ; NONE                                    ; Untyped                                  ;
; OUTDATA_ACLR_B                     ; NONE                                    ; Untyped                                  ;
; RDCONTROL_ACLR_B                   ; NONE                                    ; Untyped                                  ;
; BYTEENA_ACLR_B                     ; NONE                                    ; Untyped                                  ;
; WIDTH_BYTEENA_A                    ; 1                                       ; Untyped                                  ;
; WIDTH_BYTEENA_B                    ; 1                                       ; Untyped                                  ;
; RAM_BLOCK_TYPE                     ; AUTO                                    ; Untyped                                  ;
; BYTE_SIZE                          ; 8                                       ; Untyped                                  ;
; READ_DURING_WRITE_MODE_MIXED_PORTS ; DONT_CARE                               ; Untyped                                  ;
; READ_DURING_WRITE_MODE_PORT_A      ; NEW_DATA_NO_NBE_READ                    ; Untyped                                  ;
; READ_DURING_WRITE_MODE_PORT_B      ; NEW_DATA_NO_NBE_READ                    ; Untyped                                  ;
; INIT_FILE                          ; db/dds.ram0_sincos_lut_ac05b4c2.hdl.mif ; Untyped                                  ;
; INIT_FILE_LAYOUT                   ; PORT_A                                  ; Untyped                                  ;
; MAXIMUM_DEPTH                      ; 0                                       ; Untyped                                  ;
; CLOCK_ENABLE_INPUT_A               ; NORMAL                                  ; Untyped                                  ;
; CLOCK_ENABLE_INPUT_B               ; NORMAL                                  ; Untyped                                  ;
; CLOCK_ENABLE_OUTPUT_A              ; NORMAL                                  ; Untyped                                  ;
; CLOCK_ENABLE_OUTPUT_B              ; NORMAL                                  ; Untyped                                  ;
; CLOCK_ENABLE_CORE_A                ; USE_INPUT_CLKEN                         ; Untyped                                  ;
; CLOCK_ENABLE_CORE_B                ; USE_INPUT_CLKEN                         ; Untyped                                  ;
; ENABLE_ECC                         ; FALSE                                   ; Untyped                                  ;
; ECC_PIPELINE_STAGE_ENABLED         ; FALSE                                   ; Untyped                                  ;
; WIDTH_ECCSTATUS                    ; 3                                       ; Untyped                                  ;
; DEVICE_FAMILY                      ; Cyclone V                               ; Untyped                                  ;
; CBXI_PARAMETER                     ; altsyncram_k7d1                         ; Untyped                                  ;
+------------------------------------+-----------------------------------------+------------------------------------------+
Note: In order to hide this table in the UI and the text report file, please set the "Show Parameter Settings in Synthesis Report" option in "Analysis and Synthesis Settings -> More Settings" to "Off".


+-------------------------------------------------------------------------------------------------------------------------+
; Parameter Settings for Inferred Entity Instance: waveform_gen:waveform_gen_inst|sincos_lut:lut|altsyncram:COS_ROM_rtl_0 ;
+------------------------------------+-----------------------------------------+------------------------------------------+
; Parameter Name                     ; Value                                   ; Type                                     ;
+------------------------------------+-----------------------------------------+------------------------------------------+
; BYTE_SIZE_BLOCK                    ; 8                                       ; Untyped                                  ;
; AUTO_CARRY_CHAINS                  ; ON                                      ; AUTO_CARRY                               ;
; IGNORE_CARRY_BUFFERS               ; OFF                                     ; IGNORE_CARRY                             ;
; AUTO_CASCADE_CHAINS                ; ON                                      ; AUTO_CASCADE                             ;
; IGNORE_CASCADE_BUFFERS             ; OFF                                     ; IGNORE_CASCADE                           ;
; WIDTH_BYTEENA                      ; 1                                       ; Untyped                                  ;
; OPERATION_MODE                     ; ROM                                     ; Untyped                                  ;
; WIDTH_A                            ; 12                                      ; Untyped                                  ;
; WIDTHAD_A                          ; 12                                      ; Untyped                                  ;
; NUMWORDS_A                         ; 4096                                    ; Untyped                                  ;
; OUTDATA_REG_A                      ; UNREGISTERED                            ; Untyped                                  ;
; ADDRESS_ACLR_A                     ; NONE                                    ; Untyped                                  ;
; OUTDATA_ACLR_A                     ; NONE                                    ; Untyped                                  ;
; WRCONTROL_ACLR_A                   ; NONE                                    ; Untyped                                  ;
; INDATA_ACLR_A                      ; NONE                                    ; Untyped                                  ;
; BYTEENA_ACLR_A                     ; NONE                                    ; Untyped                                  ;
; WIDTH_B                            ; 1                                       ; Untyped                                  ;
; WIDTHAD_B                          ; 1                                       ; Untyped                                  ;
; NUMWORDS_B                         ; 1                                       ; Untyped                                  ;
; INDATA_REG_B                       ; CLOCK1                                  ; Untyped                                  ;
; WRCONTROL_WRADDRESS_REG_B          ; CLOCK1                                  ; Untyped                                  ;
; RDCONTROL_REG_B                    ; CLOCK1                                  ; Untyped                                  ;
; ADDRESS_REG_B                      ; CLOCK1                                  ; Untyped                                  ;
; OUTDATA_REG_B                      ; UNREGISTERED                            ; Untyped                                  ;
; BYTEENA_REG_B                      ; CLOCK1                                  ; Untyped                                  ;
; INDATA_ACLR_B                      ; NONE                                    ; Untyped                                  ;
; WRCONTROL_ACLR_B                   ; NONE                                    ; Untyped                                  ;
; ADDRESS_ACLR_B                     ; NONE                                    ; Untyped                                  ;
; OUTDATA_ACLR_B                     ; NONE                                    ; Untyped                                  ;
; RDCONTROL_ACLR_B                   ; NONE                                    ; Untyped                                  ;
; BYTEENA_ACLR_B                     ; NONE                                    ; Untyped                                  ;
; WIDTH_BYTEENA_A                    ; 1                                       ; Untyped                                  ;
; WIDTH_BYTEENA_B                    ; 1                                       ; Untyped                                  ;
; RAM_BLOCK_TYPE                     ; AUTO                                    ; Untyped                                  ;
; BYTE_SIZE                          ; 8                                       ; Untyped                                  ;
; READ_DURING_WRITE_MODE_MIXED_PORTS ; DONT_CARE                               ; Untyped                                  ;
; READ_DURING_WRITE_MODE_PORT_A      ; NEW_DATA_NO_NBE_READ                    ; Untyped                                  ;
; READ_DURING_WRITE_MODE_PORT_B      ; NEW_DATA_NO_NBE_READ                    ; Untyped                                  ;
; INIT_FILE                          ; db/dds.ram1_sincos_lut_ac05b4c2.hdl.mif ; Untyped                                  ;
; INIT_FILE_LAYOUT                   ; PORT_A                                  ; Untyped                                  ;
; MAXIMUM_DEPTH                      ; 0                                       ; Untyped                                  ;
; CLOCK_ENABLE_INPUT_A               ; NORMAL                                  ; Untyped                                  ;
; CLOCK_ENABLE_INPUT_B               ; NORMAL                                  ; Untyped                                  ;
; CLOCK_ENABLE_OUTPUT_A              ; NORMAL                                  ; Untyped                                  ;
; CLOCK_ENABLE_OUTPUT_B              ; NORMAL                                  ; Untyped                                  ;
; CLOCK_ENABLE_CORE_A                ; USE_INPUT_CLKEN                         ; Untyped                                  ;
; CLOCK_ENABLE_CORE_B                ; USE_INPUT_CLKEN                         ; Untyped                                  ;
; ENABLE_ECC                         ; FALSE                                   ; Untyped                                  ;
; ECC_PIPELINE_STAGE_ENABLED         ; FALSE                                   ; Untyped                                  ;
; WIDTH_ECCSTATUS                    ; 3                                       ; Untyped                                  ;
; DEVICE_FAMILY                      ; Cyclone V                               ; Untyped                                  ;
; CBXI_PARAMETER                     ; altsyncram_l7d1                         ; Untyped                                  ;
+------------------------------------+-----------------------------------------+------------------------------------------+
Note: In order to hide this table in the UI and the text report file, please set the "Show Parameter Settings in Synthesis Report" option in "Analysis and Synthesis Settings -> More Settings" to "Off".


+--------------------------------------------------------------------------------------------------------------------+
; altsyncram Parameter Settings by Entity Instance                                                                   ;
+-------------------------------------------+------------------------------------------------------------------------+
; Name                                      ; Value                                                                  ;
+-------------------------------------------+------------------------------------------------------------------------+
; Number of entity instances                ; 2                                                                      ;
; Entity Instance                           ; waveform_gen:waveform_gen_inst|sincos_lut:lut|altsyncram:SIN_ROM_rtl_0 ;
;     -- OPERATION_MODE                     ; ROM                                                                    ;
;     -- WIDTH_A                            ; 12                                                                     ;
;     -- NUMWORDS_A                         ; 4096                                                                   ;
;     -- OUTDATA_REG_A                      ; UNREGISTERED                                                           ;
;     -- WIDTH_B                            ; 1                                                                      ;
;     -- NUMWORDS_B                         ; 1                                                                      ;
;     -- ADDRESS_REG_B                      ; CLOCK1                                                                 ;
;     -- OUTDATA_REG_B                      ; UNREGISTERED                                                           ;
;     -- RAM_BLOCK_TYPE                     ; AUTO                                                                   ;
;     -- READ_DURING_WRITE_MODE_MIXED_PORTS ; DONT_CARE                                                              ;
; Entity Instance                           ; waveform_gen:waveform_gen_inst|sincos_lut:lut|altsyncram:COS_ROM_rtl_0 ;
;     -- OPERATION_MODE                     ; ROM                                                                    ;
;     -- WIDTH_A                            ; 12                                                                     ;
;     -- NUMWORDS_A                         ; 4096                                                                   ;
;     -- OUTDATA_REG_A                      ; UNREGISTERED                                                           ;
;     -- WIDTH_B                            ; 1                                                                      ;
;     -- NUMWORDS_B                         ; 1                                                                      ;
;     -- ADDRESS_REG_B                      ; CLOCK1                                                                 ;
;     -- OUTDATA_REG_B                      ; UNREGISTERED                                                           ;
;     -- RAM_BLOCK_TYPE                     ; AUTO                                                                   ;
;     -- READ_DURING_WRITE_MODE_MIXED_PORTS ; DONT_CARE                                                              ;
+-------------------------------------------+------------------------------------------------------------------------+


+------------------------------------------------------------+
; Port Connectivity Checks: "waveform_gen:waveform_gen_inst" ;
+-------+-------+----------+---------------------------------+
; Port  ; Type  ; Severity ; Details                         ;
+-------+-------+----------+---------------------------------+
; reset ; Input ; Info     ; Stuck at VCC                    ;
; en    ; Input ; Info     ; Stuck at VCC                    ;
+-------+-------+----------+---------------------------------+


+-----------------------------------------------------+
; Post-Synthesis Netlist Statistics for Top Partition ;
+-----------------------+-----------------------------+
; Type                  ; Count                       ;
+-----------------------+-----------------------------+
; arriav_ff             ; 148                         ;
;     ENA               ; 24                          ;
;     SCLR              ; 11                          ;
;     plain             ; 113                         ;
; arriav_lcell_comb     ; 59                          ;
;     arith             ; 32                          ;
;         3 data inputs ; 32                          ;
;     normal            ; 27                          ;
;         2 data inputs ; 2                           ;
;         3 data inputs ; 1                           ;
;         5 data inputs ; 1                           ;
;         6 data inputs ; 23                          ;
; arriav_mac            ; 1                           ;
; boundary_port         ; 64                          ;
; stratixv_ram_block    ; 24                          ;
;                       ;                             ;
; Max LUT depth         ; 4.10                        ;
; Average LUT depth     ; 1.46                        ;
+-----------------------+-----------------------------+


+-------------------------------+
; Elapsed Time Per Partition    ;
+----------------+--------------+
; Partition Name ; Elapsed Time ;
+----------------+--------------+
; Top            ; 00:00:00     ;
+----------------+--------------+


+-------------------------------+
; Analysis & Synthesis Messages ;
+-------------------------------+
Info: *******************************************************************
Info: Running Quartus Prime Analysis & Synthesis
    Info: Version 16.1.2 Build 203 01/18/2017 SJ Lite Edition
    Info: Processing started: Mon Jun 26 22:19:05 2023
Info: Command: quartus_map --read_settings_files=on --write_settings_files=off dds -c dds
Warning (18236): Number of processors has not been specified which may cause overloading on shared machines.  Set the global assignment NUM_PARALLEL_PROCESSORS in your QSF to an appropriate value for best performance.
Info (20030): Parallel compilation is enabled and will use 12 of the 12 processors detected
Info (12021): Found 2 design units, including 1 entities, in source file waveform_gen.vhd
    Info (12022): Found design unit 1: waveform_gen-rtl File: C:/Users/Admin/Documents/GitHub/CPEN-311/James_Park_70315379_Lab_5/sim/dds/waveform_gen.vhd Line: 48
    Info (12023): Found entity 1: waveform_gen File: C:/Users/Admin/Documents/GitHub/CPEN-311/James_Park_70315379_Lab_5/sim/dds/waveform_gen.vhd Line: 25
Info (12021): Found 2 design units, including 1 entities, in source file sincos_lut.vhd
    Info (12022): Found design unit 1: sincos_lut-rtl File: C:/Users/Admin/Documents/GitHub/CPEN-311/James_Park_70315379_Lab_5/sim/dds/sincos_lut.vhd Line: 40
    Info (12023): Found entity 1: sincos_lut File: C:/Users/Admin/Documents/GitHub/CPEN-311/James_Park_70315379_Lab_5/sim/dds/sincos_lut.vhd Line: 25
Info (12021): Found 1 design units, including 1 entities, in source file clk_up.sv
    Info (12023): Found entity 1: clk_up File: C:/Users/Admin/Documents/GitHub/CPEN-311/James_Park_70315379_Lab_5/sim/dds/clk_up.sv Line: 2
Info (12021): Found 1 design units, including 1 entities, in source file clk_down.sv
    Info (12023): Found entity 1: clk_down File: C:/Users/Admin/Documents/GitHub/CPEN-311/James_Park_70315379_Lab_5/sim/dds/clk_down.sv Line: 2
Info (12021): Found 1 design units, including 1 entities, in source file dds.sv
    Info (12023): Found entity 1: dds File: C:/Users/Admin/Documents/GitHub/CPEN-311/James_Park_70315379_Lab_5/sim/dds/dds.sv Line: 2
Info (12127): Elaborating entity "dds" for the top level hierarchy
Info (12128): Elaborating entity "clk_up" for hierarchy "clk_up:clk_up_lfsr" File: C:/Users/Admin/Documents/GitHub/CPEN-311/James_Park_70315379_Lab_5/sim/dds/dds.sv Line: 39
Info (12128): Elaborating entity "clk_down" for hierarchy "clk_down:clk_down_modulation" File: C:/Users/Admin/Documents/GitHub/CPEN-311/James_Park_70315379_Lab_5/sim/dds/dds.sv Line: 70
Info (12128): Elaborating entity "waveform_gen" for hierarchy "waveform_gen:waveform_gen_inst" File: C:/Users/Admin/Documents/GitHub/CPEN-311/James_Park_70315379_Lab_5/sim/dds/dds.sv Line: 90
Info (12128): Elaborating entity "sincos_lut" for hierarchy "waveform_gen:waveform_gen_inst|sincos_lut:lut" File: C:/Users/Admin/Documents/GitHub/CPEN-311/James_Park_70315379_Lab_5/sim/dds/waveform_gen.vhd Line: 103
Info (19000): Inferred 2 megafunctions from design logic
    Info (276029): Inferred altsyncram megafunction from the following design logic: "waveform_gen:waveform_gen_inst|sincos_lut:lut|SIN_ROM_rtl_0" 
        Info (286033): Parameter OPERATION_MODE set to ROM
        Info (286033): Parameter WIDTH_A set to 12
        Info (286033): Parameter WIDTHAD_A set to 12
        Info (286033): Parameter NUMWORDS_A set to 4096
        Info (286033): Parameter OUTDATA_REG_A set to UNREGISTERED
        Info (286033): Parameter ADDRESS_ACLR_A set to NONE
        Info (286033): Parameter OUTDATA_ACLR_A set to NONE
        Info (286033): Parameter INDATA_ACLR_A set to NONE
        Info (286033): Parameter WRCONTROL_ACLR_A set to NONE
        Info (286033): Parameter INIT_FILE set to db/dds.ram0_sincos_lut_ac05b4c2.hdl.mif
    Info (276029): Inferred altsyncram megafunction from the following design logic: "waveform_gen:waveform_gen_inst|sincos_lut:lut|COS_ROM_rtl_0" 
        Info (286033): Parameter OPERATION_MODE set to ROM
        Info (286033): Parameter WIDTH_A set to 12
        Info (286033): Parameter WIDTHAD_A set to 12
        Info (286033): Parameter NUMWORDS_A set to 4096
        Info (286033): Parameter OUTDATA_REG_A set to UNREGISTERED
        Info (286033): Parameter ADDRESS_ACLR_A set to NONE
        Info (286033): Parameter OUTDATA_ACLR_A set to NONE
        Info (286033): Parameter INDATA_ACLR_A set to NONE
        Info (286033): Parameter WRCONTROL_ACLR_A set to NONE
        Info (286033): Parameter INIT_FILE set to db/dds.ram1_sincos_lut_ac05b4c2.hdl.mif
Info (12130): Elaborated megafunction instantiation "waveform_gen:waveform_gen_inst|sincos_lut:lut|altsyncram:SIN_ROM_rtl_0"
Info (12133): Instantiated megafunction "waveform_gen:waveform_gen_inst|sincos_lut:lut|altsyncram:SIN_ROM_rtl_0" with the following parameter:
    Info (12134): Parameter "OPERATION_MODE" = "ROM"
    Info (12134): Parameter "WIDTH_A" = "12"
    Info (12134): Parameter "WIDTHAD_A" = "12"
    Info (12134): Parameter "NUMWORDS_A" = "4096"
    Info (12134): Parameter "OUTDATA_REG_A" = "UNREGISTERED"
    Info (12134): Parameter "ADDRESS_ACLR_A" = "NONE"
    Info (12134): Parameter "OUTDATA_ACLR_A" = "NONE"
    Info (12134): Parameter "INDATA_ACLR_A" = "NONE"
    Info (12134): Parameter "WRCONTROL_ACLR_A" = "NONE"
    Info (12134): Parameter "INIT_FILE" = "db/dds.ram0_sincos_lut_ac05b4c2.hdl.mif"
Info (12021): Found 1 design units, including 1 entities, in source file db/altsyncram_k7d1.tdf
    Info (12023): Found entity 1: altsyncram_k7d1 File: C:/Users/Admin/Documents/GitHub/CPEN-311/James_Park_70315379_Lab_5/sim/dds/db/altsyncram_k7d1.tdf Line: 28
Info (12130): Elaborated megafunction instantiation "waveform_gen:waveform_gen_inst|sincos_lut:lut|altsyncram:COS_ROM_rtl_0"
Info (12133): Instantiated megafunction "waveform_gen:waveform_gen_inst|sincos_lut:lut|altsyncram:COS_ROM_rtl_0" with the following parameter:
    Info (12134): Parameter "OPERATION_MODE" = "ROM"
    Info (12134): Parameter "WIDTH_A" = "12"
    Info (12134): Parameter "WIDTHAD_A" = "12"
    Info (12134): Parameter "NUMWORDS_A" = "4096"
    Info (12134): Parameter "OUTDATA_REG_A" = "UNREGISTERED"
    Info (12134): Parameter "ADDRESS_ACLR_A" = "NONE"
    Info (12134): Parameter "OUTDATA_ACLR_A" = "NONE"
    Info (12134): Parameter "INDATA_ACLR_A" = "NONE"
    Info (12134): Parameter "WRCONTROL_ACLR_A" = "NONE"
    Info (12134): Parameter "INIT_FILE" = "db/dds.ram1_sincos_lut_ac05b4c2.hdl.mif"
Info (12021): Found 1 design units, including 1 entities, in source file db/altsyncram_l7d1.tdf
    Info (12023): Found entity 1: altsyncram_l7d1 File: C:/Users/Admin/Documents/GitHub/CPEN-311/James_Park_70315379_Lab_5/sim/dds/db/altsyncram_l7d1.tdf Line: 28
Info (286030): Timing-Driven Synthesis is running
Info (16010): Generating hard_block partition "hard_block:auto_generated_inst"
    Info (16011): Adding 0 node(s), including 0 DDIO, 0 PLL, 0 transceiver and 0 LCELL
Info (21057): Implemented 238 device resources after synthesis - the final resource count might be different
    Info (21058): Implemented 40 input pins
    Info (21059): Implemented 24 output pins
    Info (21061): Implemented 149 logic cells
    Info (21064): Implemented 24 RAM segments
    Info (21062): Implemented 1 DSP elements
Info: Quartus Prime Analysis & Synthesis was successful. 0 errors, 1 warning
    Info: Peak virtual memory: 4928 megabytes
    Info: Processing ended: Mon Jun 26 22:19:12 2023
    Info: Elapsed time: 00:00:07
    Info: Total CPU time (on all processors): 00:00:05


