------------------------------------------------------------
TimeQuest Timing Analyzer Summary
------------------------------------------------------------

Type  : Slow 1100mV 85C Model Setup 'clk'
Slack : 0.017
TNS   : 0.000

Type  : Slow 1100mV 85C Model Hold 'clk'
Slack : 0.219
TNS   : 0.000

Type  : Slow 1100mV 85C Model Minimum Pulse Width 'clk'
Slack : -0.394
TNS   : -4.723

Type  : Slow 1100mV 0C Model Setup 'clk'
Slack : 0.015
TNS   : 0.000

Type  : Slow 1100mV 0C Model Hold 'clk'
Slack : 0.202
TNS   : 0.000

Type  : Slow 1100mV 0C Model Minimum Pulse Width 'clk'
Slack : -0.394
TNS   : -5.132

Type  : Fast 1100mV 85C Model Setup 'clk'
Slack : 0.401
TNS   : 0.000

Type  : Fast 1100mV 85C Model Hold 'clk'
Slack : 0.129
TNS   : 0.000

Type  : Fast 1100mV 85C Model Minimum Pulse Width 'clk'
Slack : -0.079
TNS   : -0.698

Type  : Fast 1100mV 0C Model Setup 'clk'
Slack : 0.432
TNS   : 0.000

Type  : Fast 1100mV 0C Model Hold 'clk'
Slack : 0.119
TNS   : 0.000

Type  : Fast 1100mV 0C Model Minimum Pulse Width 'clk'
Slack : -0.078
TNS   : -0.694

------------------------------------------------------------
