Archive member included to satisfy reference by file (symbol)

c:/intelfpga_lite/16.1/nios2eds/bin/gnu/h-x86_64-mingw32/bin/../lib/gcc/nios2-elf/5.3.0\libgcc.a(lib2-divmod.o)
                              obj/default/drivers/drivers.o (__divsi3)
c:/intelfpga_lite/16.1/nios2eds/bin/gnu/h-x86_64-mingw32/bin/../lib/gcc/nios2-elf/5.3.0\libgcc.a(fixsfsi.o)
                              obj/default/drivers/drivers.o (__fixsfsi)
c:/intelfpga_lite/16.1/nios2eds/bin/gnu/h-x86_64-mingw32/bin/../lib/gcc/nios2-elf/5.3.0/../../../../../H-x86_64-mingw32/nios2-elf/lib\libc.a(lib_a-malloc.o)
                              obj/default/graphic_lib/draw_gimps.o (malloc)
c:/intelfpga_lite/16.1/nios2eds/bin/gnu/h-x86_64-mingw32/bin/../lib/gcc/nios2-elf/5.3.0/../../../../../H-x86_64-mingw32/nios2-elf/lib\libc.a(lib_a-mallocr.o)
                              c:/intelfpga_lite/16.1/nios2eds/bin/gnu/h-x86_64-mingw32/bin/../lib/gcc/nios2-elf/5.3.0/../../../../../H-x86_64-mingw32/nios2-elf/lib\libc.a(lib_a-malloc.o) (_malloc_r)
c:/intelfpga_lite/16.1/nios2eds/bin/gnu/h-x86_64-mingw32/bin/../lib/gcc/nios2-elf/5.3.0/../../../../../H-x86_64-mingw32/nios2-elf/lib\libc.a(lib_a-memcpy.o)
                              obj/default/graphic_lib/draw_gimps.o (memcpy)
c:/intelfpga_lite/16.1/nios2eds/bin/gnu/h-x86_64-mingw32/bin/../lib/gcc/nios2-elf/5.3.0/../../../../../H-x86_64-mingw32/nios2-elf/lib\libc.a(lib_a-memset.o)
                              obj/default/vip_fr.o (memset)
c:/intelfpga_lite/16.1/nios2eds/bin/gnu/h-x86_64-mingw32/bin/../lib/gcc/nios2-elf/5.3.0/../../../../../H-x86_64-mingw32/nios2-elf/lib\libc.a(lib_a-printf.o)
                              obj/default/graphic_lib/draw_gimps.o (printf)
c:/intelfpga_lite/16.1/nios2eds/bin/gnu/h-x86_64-mingw32/bin/../lib/gcc/nios2-elf/5.3.0/../../../../../H-x86_64-mingw32/nios2-elf/lib\libc.a(lib_a-sbrkr.o)
                              c:/intelfpga_lite/16.1/nios2eds/bin/gnu/h-x86_64-mingw32/bin/../lib/gcc/nios2-elf/5.3.0/../../../../../H-x86_64-mingw32/nios2-elf/lib\libc.a(lib_a-mallocr.o) (_sbrk_r)
c:/intelfpga_lite/16.1/nios2eds/bin/gnu/h-x86_64-mingw32/bin/../lib/gcc/nios2-elf/5.3.0/../../../../../H-x86_64-mingw32/nios2-elf/lib\libc.a(lib_a-strcpy.o)
                              obj/default/graphic_lib/simple_graphics.o (strcpy)
c:/intelfpga_lite/16.1/nios2eds/bin/gnu/h-x86_64-mingw32/bin/../lib/gcc/nios2-elf/5.3.0/../../../../../H-x86_64-mingw32/nios2-elf/lib\libc.a(lib_a-strlen.o)
                              obj/default/graphic_lib/simple_graphics.o (strlen)
c:/intelfpga_lite/16.1/nios2eds/bin/gnu/h-x86_64-mingw32/bin/../lib/gcc/nios2-elf/5.3.0/../../../../../H-x86_64-mingw32/nios2-elf/lib\libc.a(lib_a-vfprintf.o)
                              c:/intelfpga_lite/16.1/nios2eds/bin/gnu/h-x86_64-mingw32/bin/../lib/gcc/nios2-elf/5.3.0/../../../../../H-x86_64-mingw32/nios2-elf/lib\libc.a(lib_a-printf.o) (___vfprintf_internal_r)
c:/intelfpga_lite/16.1/nios2eds/bin/gnu/h-x86_64-mingw32/bin/../lib/gcc/nios2-elf/5.3.0/../../../../../H-x86_64-mingw32/nios2-elf/lib\libc.a(lib_a-wsetup.o)
                              c:/intelfpga_lite/16.1/nios2eds/bin/gnu/h-x86_64-mingw32/bin/../lib/gcc/nios2-elf/5.3.0/../../../../../H-x86_64-mingw32/nios2-elf/lib\libc.a(lib_a-vfprintf.o) (__swsetup_r)
c:/intelfpga_lite/16.1/nios2eds/bin/gnu/h-x86_64-mingw32/bin/../lib/gcc/nios2-elf/5.3.0/../../../../../H-x86_64-mingw32/nios2-elf/lib\libc.a(lib_a-dtoa.o)
                              c:/intelfpga_lite/16.1/nios2eds/bin/gnu/h-x86_64-mingw32/bin/../lib/gcc/nios2-elf/5.3.0/../../../../../H-x86_64-mingw32/nios2-elf/lib\libc.a(lib_a-vfprintf.o) (_dtoa_r)
c:/intelfpga_lite/16.1/nios2eds/bin/gnu/h-x86_64-mingw32/bin/../lib/gcc/nios2-elf/5.3.0/../../../../../H-x86_64-mingw32/nios2-elf/lib\libc.a(lib_a-fflush.o)
                              c:/intelfpga_lite/16.1/nios2eds/bin/gnu/h-x86_64-mingw32/bin/../lib/gcc/nios2-elf/5.3.0/../../../../../H-x86_64-mingw32/nios2-elf/lib\libc.a(lib_a-vfprintf.o) (_fflush_r)
c:/intelfpga_lite/16.1/nios2eds/bin/gnu/h-x86_64-mingw32/bin/../lib/gcc/nios2-elf/5.3.0/../../../../../H-x86_64-mingw32/nios2-elf/lib\libc.a(lib_a-findfp.o)
                              c:/intelfpga_lite/16.1/nios2eds/bin/gnu/h-x86_64-mingw32/bin/../lib/gcc/nios2-elf/5.3.0/../../../../../H-x86_64-mingw32/nios2-elf/lib\libc.a(lib_a-vfprintf.o) (__sinit)
c:/intelfpga_lite/16.1/nios2eds/bin/gnu/h-x86_64-mingw32/bin/../lib/gcc/nios2-elf/5.3.0/../../../../../H-x86_64-mingw32/nios2-elf/lib\libc.a(lib_a-freer.o)
                              c:/intelfpga_lite/16.1/nios2eds/bin/gnu/h-x86_64-mingw32/bin/../lib/gcc/nios2-elf/5.3.0/../../../../../H-x86_64-mingw32/nios2-elf/lib\libc.a(lib_a-malloc.o) (_free_r)
c:/intelfpga_lite/16.1/nios2eds/bin/gnu/h-x86_64-mingw32/bin/../lib/gcc/nios2-elf/5.3.0/../../../../../H-x86_64-mingw32/nios2-elf/lib\libc.a(lib_a-fwalk.o)
[...]
Memory Configuration

Name             Origin             Length             Attributes
reset            0x0000000004000000 0x0000000000000020
sdram_BEFORE_EXCEPTION 0x0000000004000020 0x000000000057e400
sdram            0x000000000457e420 0x0000000003a81be0
*default*        0x0000000000000000 0xffffffffffffffff

Linker script and memory map

LOAD ../lab5_bsp//obj/HAL/src/crt0.o
LOAD obj/default/drivers/drivers.o
LOAD obj/default/fonts/tahomabold_20.o
LOAD obj/default/fonts/tahomabold_32.o
LOAD obj/default/frame.o
LOAD obj/default/graphic_lib/draw_gimps.o
LOAD obj/default/graphic_lib/gimp_bmp.o
LOAD obj/default/graphic_lib/simple_graphics.o
LOAD obj/default/graphic_lib/simple_text.o
LOAD obj/default/hello_ucosii.o
LOAD obj/default/imagenes/back_down.o
LOAD obj/default/imagenes/back_up.o
LOAD obj/default/imagenes/ford_down.o
LOAD obj/default/imagenes/ford_up.o
LOAD obj/default/imagenes/pause_down.o
LOAD obj/default/imagenes/pause_up.o
LOAD obj/default/imagenes/play_down.o
LOAD obj/default/imagenes/play_up.o
LOAD obj/default/imagenes/stop_down.o
LOAD obj/default/imagenes/stop_up.o
LOAD obj/default/song/song.o
LOAD obj/default/student_code/student_code.o
LOAD obj/default/vip_fr.o
LOAD c:/intelfpga_lite/16.1/nios2eds/bin/gnu/h-x86_64-mingw32/bin/../lib/gcc/nios2-elf/5.3.0/../../../../../H-x86_64-mingw32/nios2-elf/lib\libstdc++.a
LOAD c:/intelfpga_lite/16.1/nios2eds/bin/gnu/h-x86_64-mingw32/bin/../lib/gcc/nios2-elf/5.3.0/../../../../../H-x86_64-mingw32/nios2-elf/lib\libm.a
LOAD c:/intelfpga_lite/16.1/nios2eds/bin/gnu/h-x86_64-mingw32/bin/../lib/gcc/nios2-elf/5.3.0\libgcc.a
START GROUP
LOAD c:/intelfpga_lite/16.1/nios2eds/bin/gnu/h-x86_64-mingw32/bin/../lib/gcc/nios2-elf/5.3.0/../../../../../H-x86_64-mingw32/nios2-elf/lib\libc.a
LOAD c:/intelfpga_lite/16.1/nios2eds/bin/gnu/h-x86_64-mingw32/bin/../lib/gcc/nios2-elf/5.3.0\libgcc.a
LOAD ../lab5_bsp/\libucosii_bsp.a
LOAD c:/intelfpga_lite/16.1/nios2eds/bin/gnu/h-x86_64-mingw32/bin/../lib/gcc/nios2-elf/5.3.0/../../../../../H-x86_64-mingw32/nios2-elf/lib\libm.a
END GROUP
LOAD c:/intelfpga_lite/16.1/nios2eds/bin/gnu/h-x86_64-mingw32/bin/../lib/gcc/nios2-elf/5.3.0\libgcc.a
                0x0000000004000000                __alt_mem_sdram = 0x4000000

.entry          0x0000000004000000       0x20
 *(.entry)
 .entry         0x0000000004000000       0x20 ../lab5_bsp//obj/HAL/src/crt0.o
                0x0000000004000000                __reset

.exceptions     0x000000000457e420      0x144
                0x000000000457e420                PROVIDE (__ram_exceptions_start, ABSOLUTE (.))
                0x000000000457e420                . = ALIGN (0x20)
 *(.irq)
 *(.exceptions.entry.label)
 .exceptions.entry.label
                0x000000000457e420        0x0 ../lab5_bsp/\libucosii_bsp.a(alt_irq_entry.o)
                0x000000000457e420                alt_irq_entry
 .exceptions.entry.label
                0x000000000457e420        0x0 ../lab5_bsp/\libucosii_bsp.a(alt_exception_entry.o)
                0x000000000457e420                alt_exception
 *(.exceptions.entry.user)
 *(.exceptions.entry.ecc_fatal)
 *(.exceptions.entry)
 .exceptions.entry
                0x000000000457e420       0x54 ../lab5_bsp/\libucosii_bsp.a(alt_exception_entry.o)
 *(.exceptions.irqtest.user)
 *(.exceptions.irqtest)
 .exceptions.irqtest
                0x000000000457e474       0x10 ../lab5_bsp/\libucosii_bsp.a(alt_irq_entry.o)
 *(.exceptions.irqhandler.user)
 *(.exceptions.irqhandler)
 .exceptions.irqhandler
                0x000000000457e484        0x4 ../lab5_bsp/\libucosii_bsp.a(alt_irq_entry.o)
 *(.exceptions.irqreturn.user)
 *(.exceptions.irqreturn)
 .exceptions.irqreturn
                0x000000000457e488        0x4 ../lab5_bsp/\libucosii_bsp.a(alt_irq_entry.o)
 *(.exceptions.notirq.label)
 .exceptions.notirq.label
                0x000000000457e48c        0x0 ../lab5_bsp/\libucosii_bsp.a(alt_irq_entry.o)
 *(.exceptions.notirq.user)
 *(.exceptions.notirq)
 .exceptions.notirq
                0x000000000457e48c        0x8 ../lab5_bsp/\libucosii_bsp.a(alt_exception_entry.o)
 *(.exceptions.soft.user)
 *(.exceptions.soft)
 *(.exceptions.unknown.user)
 *(.exceptions.unknown)
 .exceptions.unknown
                0x000000000457e494        0x4 ../lab5_bsp/\libucosii_bsp.a(alt_exception_entry.o)
 *(.exceptions.exit.label)
 .exceptions.exit.label
                0x000000000457e498        0x0 ../lab5_bsp/\libucosii_bsp.a(alt_irq_entry.o)
 .exceptions.exit.label
                0x000000000457e498        0x0 ../lab5_bsp/\libucosii_bsp.a(alt_exception_entry.o)
 *(.exceptions.exit.user)
 *(.exceptions.exit)
 .exceptions.exit
                0x000000000457e498       0x54 ../lab5_bsp/\libucosii_bsp.a(alt_exception_entry.o)
 *(.exceptions)
 .exceptions    0x000000000457e4ec       0x78 ../lab5_bsp/\libucosii_bsp.a(alt_irq_handler.o)
                0x000000000457e4ec                alt_irq_handler
                0x000000000457e564                PROVIDE (__ram_exceptions_end, ABSOLUTE (.))
                0x000000000457e420                PROVIDE (__flash_exceptions_start, LOADADDR (.exceptions))

.text           0x000000000457e564    0x18de0
                [!provide]                        PROVIDE (stext, ABSOLUTE (.))
 *(.interp)
 *(.hash)
 *(.dynsym)
 *(.dynstr)
 *(.gnu.version)
 *(.gnu.version_d)
 *(.gnu.version_r)
 *(.rel.init)
 *(.rela.init)
 *(.rel.text .rel.text.* .rel.gnu.linkonce.t.*)
 *(.rela.text .rela.text.* .rela.gnu.linkonce.t.*)
 *(.rel.fini)
 *(.rela.fini)
 *(.rel.rodata .rel.rodata.* .rel.gnu.linkonce.r.*)
 *(.rela.rodata .rela.rodata.* .rela.gnu.linkonce.r.*)
 *(.rel.data .rel.data.* .rel.gnu.linkonce.d.*)
 *(.rela.data .rela.data.* .rela.gnu.linkonce.d.*)
 *(.rel.tdata .rel.tdata.* .rel.gnu.linkonce.td.*)
 *(.rela.tdata .rela.tdata.* .rela.gnu.linkonce.td.*)
 *(.rel.tbss .rel.tbss.* .rel.gnu.linkonce.tb.*)
 *(.rela.tbss .rela.tbss.* .rela.gnu.linkonce.tb.*)
 *(.rel.ctors)
 *(.rela.ctors)
 *(.rel.dtors)
 *(.rela.dtors)
 *(.rel.got)
 *(.rela.got)
 *(.rel.sdata .rel.sdata.* .rel.gnu.linkonce.s.*)
 *(.rela.sdata .rela.sdata.* .rela.gnu.linkonce.s.*)
 *(.rel.sbss .rel.sbss.* .rel.gnu.linkonce.sb.*)
 *(.rela.sbss .rela.sbss.* .rela.gnu.linkonce.sb.*)
 *(.rel.sdata2 .rel.sdata2.* .rel.gnu.linkonce.s2.*)
 *(.rela.sdata2 .rela.sdata2.* .rela.gnu.linkonce.s2.*)
 *(.rel.sbss2 .rel.sbss2.* .rel.gnu.linkonce.sb2.*)
 *(.rela.sbss2 .rela.sbss2.* .rela.gnu.linkonce.sb2.*)
 *(.rel.bss .rel.bss.* .rel.gnu.linkonce.b.*)
 *(.rela.bss .rela.bss.* .rela.gnu.linkonce.b.*)
 *(.rel.plt)
 *(.rela.plt)
 *(.rel.dyn)
 *(.init)
 *(.plt)
 *(.text .stub .text.* .gnu.linkonce.t.*)
 .text          0x000000000457e564       0x4c ../lab5_bsp//obj/HAL/src/crt0.o
                0x000000000457e564                _start
 .text          0x000000000457e5b0     0x1818 obj/default/drivers/drivers.o
                0x000000000457e5b0                audio_dac_wr_fifo
                0x000000000457e610                stop_wav
                0x000000000457e638                play_wav
                0x000000000457e658                pause_wav
                0x000000000457e670                audio_dac_fifo_full
                0x000000000457e684                init_audio_hw
                0x000000000457e6d8                set_audio_frequency_audio_controller
                0x000000000457e710                set_note
                0x000000000457e748                select_modulation
                0x000000000457e75c                select_signal
                0x000000000457e770                audio_selector
                0x000000000457e784                read_keyboard
                0x000000000457e794                mouse_pos
                0x000000000457e840                Sleep
                0x000000000457e88c                Beep
                0x000000000457e8c8                starwars
                0x000000000457ea28                gloria
                0x000000000457ef00                mario
                0x000000000457f79c                tetris
 .text          0x000000000457fdc8        0x0 obj/default/fonts/tahomabold_20.o
 .text          0x000000000457fdc8        0x0 obj/default/fonts/tahomabold_32.o
 .text          0x000000000457fdc8      0x118 obj/default/frame.o
                0x000000000457fdc8                ConfigVFR
                0x000000000457fe8c                GetFrameBuffer
                0x000000000457fea8                cleanscreen
 .text          0x000000000457fee0      0x508 obj/default/graphic_lib/draw_gimps.o
                0x000000000457fee0                AsVidCopyImageToBuffer
                0x000000000457ffb8                AsVidCopyImageToBuffer2
                0x0000000004580094                AsVidCopyImageToBuffer3
                0x0000000004580180                DispIMAGE
                0x0000000004580230                DispIMAGE_fit
                0x000000000458031c                DispIMAGE_from_gimp
 .text          0x00000000045803e8      0x508 obj/default/graphic_lib/gimp_bmp.o
                0x00000000045803e8                copy_pix_map_32_to_32
                0x0000000004580458                copy_pix_map_32_to_24
                0x00000000045804d8                copy_pix_map_32_to_16
                0x0000000004580560                copy_pix_map_24_to_32
                0x00000000045805e8                copy_pix_map_24_to_24
                0x0000000004580668                copy_pix_map_24_to_16
                0x0000000004580710                load_gimp_bmp
 .text          0x00000000045808f0     0x1f00 obj/default/graphic_lib/simple_graphics.o
                0x00000000045808f0                vid_scroll_string_quit
                0x0000000004580920                vid_scroll_string_init
                0x00000000045809f8                vid_set_pixel
                0x0000000004580aec                vid_print_char
                0x0000000004580bc4                vid_print_string
                0x0000000004580c98                vid_get_pixel
                0x0000000004580cf4                vid_move_block
                0x0000000004580df0                vid_paint_block
                0x0000000004580f7c                vid_clean_screen
                0x0000000004580fac                vid_draw_horiz_line
                0x00000000045811ec                vid_merge_colors
                0x0000000004581208                vid_color_convert24_16
                0x000000000458123c                vid_color_convert16_24
                0x0000000004581264                vid_copy_line_to_frame_buffer
                0x0000000004581424                vid_draw_sloped_line
                0x0000000004581588                vid_draw_line
                0x0000000004581604                vid_draw_box
                0x000000000458177c                vid_scroll_string
                0x0000000004581994                vid_round_corner_points
                0x0000000004581dec                vid_draw_circle
                0x0000000004581f0c                vid_draw_round_corner_box
                0x00000000045821f8                max_diff3
                0x0000000004582224                vid_bres_scan_edges
                0x000000000458236c                vid_draw_triangle
                0x0000000004582640                CopyImage16
                0x00000000045826f4                CropImage16
 .text          0x00000000045827f0      0x648 obj/default/graphic_lib/simple_text.o
                0x00000000045827f0                vid_print_char_alpha
                0x0000000004582c20                vid_print_string_alpha
                0x0000000004582dbc                vid_string_pixel_length_alpha
 .text          0x0000000004582e38     0x1388 obj/default/hello_ucosii.o
                0x0000000004582e38                draw_button
                0x0000000004582fb0                task2
                0x0000000004583c14                init_background
                0x0000000004583fe0                send_audio_fifo
                0x000000000458404c                task1
                0x00000000045840e0                main
 .text          0x00000000045841c0        0x0 obj/default/imagenes/back_down.o
 .text          0x00000000045841c0        0x0 obj/default/imagenes/back_up.o
 .text          0x00000000045841c0        0x0 obj/default/imagenes/ford_down.o
 .text          0x00000000045841c0        0x0 obj/default/imagenes/ford_up.o
 .text          0x00000000045841c0        0x0 obj/default/imagenes/pause_down.o
 .text          0x00000000045841c0        0x0 obj/default/imagenes/pause_up.o
 .text          0x00000000045841c0        0x0 obj/default/imagenes/play_down.o
 .text          0x00000000045841c0        0x0 obj/default/imagenes/play_up.o
 .text          0x00000000045841c0        0x0 obj/default/imagenes/stop_down.o
 .text          0x00000000045841c0        0x0 obj/default/imagenes/stop_up.o
 .text          0x00000000045841c0        0x0 obj/default/song/song.o
 .text          0x00000000045841c0        0x8 obj/default/student_code/student_code.o
                0x00000000045841c0                handle_lfsr_interrupts
                0x00000000045841c4                init_lfsr_interrupt
 .text          0x00000000045841c8      0x2b8 obj/default/vip_fr.o
                0x00000000045841c8                VIPFR_UnInit
                0x00000000045841e4                VIPFR_Go
                0x00000000045841f4                VIPFR_GetDrawFrame
                0x000000000458420c                VIPFR_ActiveDrawFrame
                0x0000000004584254                DRAW_EraseScreen
                0x00000000045842a4                FrameReader_SetFrame0
                0x00000000045842cc                FrameReader_SetFrame1
                0x00000000045842f4                VIPFR_SetFrameSize
                0x0000000004584378                VIPFR_Init
                0x000000000458441c                FrameReader_SelectFrame
                0x0000000004584428                FrameReader_Go
                0x0000000004584434                VIPFR_ReserveBackground
 .text          0x0000000004584480      0x1b4 c:/intelfpga_lite/16.1/nios2eds/bin/gnu/h-x86_64-mingw32/bin/../lib/gcc/nios2-elf/5.3.0\libgcc.a(lib2-divmod.o)
                0x0000000004584480                __divsi3
                0x0000000004584504                __modsi3
                0x0000000004584578                __udivsi3
                0x00000000045845dc                __umodsi3
 .text          0x0000000004584634       0x70 c:/intelfpga_lite/16.1/nios2eds/bin/gnu/h-x86_64-mingw32/bin/../lib/gcc/nios2-elf/5.3.0\libgcc.a(fixsfsi.o)
                0x0000000004584634                __fixsfsi
 .text          0x00000000045846a4        0x0 c:/intelfpga_lite/16.1/nios2eds/bin/gnu/h-x86_64-mingw32/bin/../lib/gcc/nios2-elf/5.3.0/../../../../../H-x86_64-mingw32/nios2-elf/lib\libc.a(lib_a-malloc.o)
 .text.malloc   0x00000000045846a4       0x14 c:/intelfpga_lite/16.1/nios2eds/bin/gnu/h-x86_64-mingw32/bin/../lib/gcc/nios2-elf/5.3.0/../../../../../H-x86_64-mingw32/nios2-elf/lib\libc.a(lib_a-malloc.o)
                0x00000000045846a4                malloc
 .text.free     0x00000000045846b8       0x14 c:/intelfpga_lite/16.1/nios2eds/bin/gnu/h-x86_64-mingw32/bin/../lib/gcc/nios2-elf/5.3.0/../../../../../H-x86_64-mingw32/nios2-elf/lib\libc.a(lib_a-malloc.o)
                0x00000000045846b8                free
 .text          0x00000000045846cc        0x0 c:/intelfpga_lite/16.1/nios2eds/bin/gnu/h-x86_64-mingw32/bin/../lib/gcc/nios2-elf/5.3.0/../../../../../H-x86_64-mingw32/nios2-elf/lib\libc.a(lib_a-mallocr.o)
 .text._malloc_r
                0x00000000045846cc      0x80c c:/intelfpga_lite/16.1/nios2eds/bin/gnu/h-x86_64-mingw32/bin/../lib/gcc/nios2-elf/5.3.0/../../../../../H-x86_64-mingw32/nios2-elf/lib\libc.a(lib_a-mallocr.o)
                0x00000000045846cc                _malloc_r
 .text          0x0000000004584ed8        0x0 c:/intelfpga_lite/16.1/nios2eds/bin/gnu/h-x86_64-mingw32/bin/../lib/gcc/nios2-elf/5.3.0/../../../../../H-x86_64-mingw32/nios2-elf/lib\libc.a(lib_a-memcpy.o)
 .text.memcpy   0x0000000004584ed8      0x148 c:/intelfpga_lite/16.1/nios2eds/bin/gnu/h-x86_64-mingw32/bin/../lib/gcc/nios2-elf/5.3.0/../../../../../H-x86_64-mingw32/nios2-elf/lib\libc.a(lib_a-memcpy.o)
                0x0000000004584ed8                memcpy
 .text          0x0000000004585020        0x0 c:/intelfpga_lite/16.1/nios2eds/bin/gnu/h-x86_64-mingw32/bin/../lib/gcc/nios2-elf/5.3.0/../../../../../H-x86_64-mingw32/nios2-elf/lib\libc.a(lib_a-memset.o)
 .text.memset   0x0000000004585020      0x128 c:/intelfpga_lite/16.1/nios2eds/bin/gnu/h-x86_64-mingw32/bin/../lib/gcc/nios2-elf/5.3.0/../../../../../H-x86_64-mingw32/nios2-elf/lib\libc.a(lib_a-memset.o)
                0x0000000004585020                memset
 .text          0x0000000004585148        0x0 c:/intelfpga_lite/16.1/nios2eds/bin/gnu/h-x86_64-mingw32/bin/../lib/gcc/nios2-elf/5.3.0/../../../../../H-x86_64-mingw32/nios2-elf/lib\libc.a(lib_a-printf.o)
 .text._printf_r
                0x0000000004585148       0x30 c:/intelfpga_lite/16.1/nios2eds/bin/gnu/h-x86_64-mingw32/bin/../lib/gcc/nios2-elf/5.3.0/../../../../../H-x86_64-mingw32/nios2-elf/lib\libc.a(lib_a-printf.o)
                0x0000000004585148                _printf_r
 .text.printf   0x0000000004585178       0x3c c:/intelfpga_lite/16.1/nios2eds/bin/gnu/h-x86_64-mingw32/bin/../lib/gcc/nios2-elf/5.3.0/../../../../../H-x86_64-mingw32/nios2-elf/lib\libc.a(lib_a-printf.o)
                0x0000000004585178                printf
 .text          0x00000000045851b4        0x0 c:/intelfpga_lite/16.1/nios2eds/bin/gnu/h-x86_64-mingw32/bin/../lib/gcc/nios2-elf/5.3.0/../../../../../H-x86_64-mingw32/nios2-elf/lib\libc.a(lib_a-sbrkr.o)
 .text._sbrk_r  0x00000000045851b4       0x54 c:/intelfpga_lite/16.1/nios2eds/bin/gnu/h-x86_64-mingw32/bin/../lib/gcc/nios2-elf/5.3.0/../../../../../H-x86_64-mingw32/nios2-elf/lib\libc.a(lib_a-sbrkr.o)
                0x00000000045851b4                _sbrk_r
 .text          0x0000000004585208        0x0 c:/intelfpga_lite/16.1/nios2eds/bin/gnu/h-x86_64-mingw32/bin/../lib/gcc/nios2-elf/5.3.0/../../../../../H-x86_64-mingw32/nios2-elf/lib\libc.a(lib_a-strcpy.o)
 .text.strcpy   0x0000000004585208       0x90 c:/intelfpga_lite/16.1/nios2eds/bin/gnu/h-x86_64-mingw32/bin/../lib/gcc/nios2-elf/5.3.0/../../../../../H-x86_64-mingw32/nios2-elf/lib\libc.a(lib_a-strcpy.o)
                0x0000000004585208                strcpy
 .text          0x0000000004585298        0x0 c:/intelfpga_lite/16.1/nios2eds/bin/gnu/h-x86_64-mingw32/bin/../lib/gcc/nios2-elf/5.3.0/../../../../../H-x86_64-mingw32/nios2-elf/lib\libc.a(lib_a-strlen.o)
 .text.strlen   0x0000000004585298       0x98 c:/intelfpga_lite/16.1/nios2eds/bin/gnu/h-x86_64-mingw32/bin/../lib/gcc/nios2-elf/5.3.0/../../../../../H-x86_64-mingw32/nios2-elf/lib\libc.a(lib_a-strlen.o)
                0x0000000004585298                strlen
 .text          0x0000000004585330        0x0 c:/intelfpga_lite/16.1/nios2eds/bin/gnu/h-x86_64-mingw32/bin/../lib/gcc/nios2-elf/5.3.0/../../../../../H-x86_64-mingw32/nios2-elf/lib\libc.a(lib_a-vfprintf.o)
 .text.___vfprintf_internal_r
                0x0000000004585330     0x21f8 c:/intelfpga_lite/16.1/nios2eds/bin/gnu/h-x86_64-mingw32/bin/../lib/gcc/nios2-elf/5.3.0/../../../../../H-x86_64-mingw32/nios2-elf/lib\libc.a(lib_a-vfprintf.o)
                0x0000000004585330                ___vfprintf_internal_r
 .text.__vfprintf_internal
                0x0000000004587528       0x1c c:/intelfpga_lite/16.1/nios2eds/bin/gnu/h-x86_64-mingw32/bin/../lib/gcc/nios2-elf/5.3.0/../../../../../H-x86_64-mingw32/nios2-elf/lib\libc.a(lib_a-vfprintf.o)
                0x0000000004587528                __vfprintf_internal
 .text.__sbprintf
                0x0000000004587544       0xbc c:/intelfpga_lite/16.1/nios2eds/bin/gnu/h-x86_64-mingw32/bin/../lib/gcc/nios2-elf/5.3.0/../../../../../H-x86_64-mingw32/nios2-elf/lib\libc.a(lib_a-vfprintf.o)
 .text          0x0000000004587600        0x0 c:/intelfpga_lite/16.1/nios2eds/bin/gnu/h-x86_64-mingw32/bin/../lib/gcc/nios2-elf/5.3.0/../../../../../H-x86_64-mingw32/nios2-elf/lib\libc.a(lib_a-wsetup.o)
 .text.__swsetup_r
                0x0000000004587600      0x154 c:/intelfpga_lite/16.1/nios2eds/bin/gnu/h-x86_64-mingw32/bin/../lib/gcc/nios2-elf/5.3.0/../../../../../H-x86_64-mingw32/nios2-elf/lib\libc.a(lib_a-wsetup.o)
                0x0000000004587600                __swsetup_r
 .text          0x0000000004587754        0x0 c:/intelfpga_lite/16.1/nios2eds/bin/gnu/h-x86_64-mingw32/bin/../lib/gcc/nios2-elf/5.3.0/../../../../../H-x86_64-mingw32/nios2-elf/lib\libc.a(lib_a-dtoa.o)
 .text.quorem   0x0000000004587754      0x200 c:/intelfpga_lite/16.1/nios2eds/bin/gnu/h-x86_64-mingw32/bin/../lib/gcc/nios2-elf/5.3.0/../../../../../H-x86_64-mingw32/nios2-elf/lib\libc.a(lib_a-dtoa.o)
 .text._dtoa_r  0x0000000004587954     0x1688 c:/intelfpga_lite/16.1/nios2eds/bin/gnu/h-x86_64-mingw32/bin/../lib/gcc/nios2-elf/5.3.0/../../../../../H-x86_64-mingw32/nios2-elf/lib\libc.a(lib_a-dtoa.o)
                0x0000000004587954                _dtoa_r
 .text          0x0000000004588fdc        0x0 c:/intelfpga_lite/16.1/nios2eds/bin/gnu/h-x86_64-mingw32/bin/../lib/gcc/nios2-elf/5.3.0/../../../../../H-x86_64-mingw32/nios2-elf/lib\libc.a(lib_a-fflush.o)
 .text.__sflush_r
                0x0000000004588fdc      0x21c c:/intelfpga_lite/16.1/nios2eds/bin/gnu/h-x86_64-mingw32/bin/../lib/gcc/nios2-elf/5.3.0/../../../../../H-x86_64-mingw32/nios2-elf/lib\libc.a(lib_a-fflush.o)
                0x0000000004588fdc                __sflush_r
 .text._fflush_r
                0x00000000045891f8       0x5c c:/intelfpga_lite/16.1/nios2eds/bin/gnu/h-x86_64-mingw32/bin/../lib/gcc/nios2-elf/5.3.0/../../../../../H-x86_64-mingw32/nios2-elf/lib\libc.a(lib_a-fflush.o)
                0x00000000045891f8                _fflush_r
 .text.fflush   0x0000000004589254       0x30 c:/intelfpga_lite/16.1/nios2eds/bin/gnu/h-x86_64-mingw32/bin/../lib/gcc/nios2-elf/5.3.0/../../../../../H-x86_64-mingw32/nios2-elf/lib\libc.a(lib_a-fflush.o)
                0x0000000004589254                fflush
 .text          0x0000000004589284        0x0 c:/intelfpga_lite/16.1/nios2eds/bin/gnu/h-x86_64-mingw32/bin/../lib/gcc/nios2-elf/5.3.0/../../../../../H-x86_64-mingw32/nios2-elf/lib\libc.a(lib_a-findfp.o)
 .text.__fp_unlock
                0x0000000004589284        0x8 c:/intelfpga_lite/16.1/nios2eds/bin/gnu/h-x86_64-mingw32/bin/../lib/gcc/nios2-elf/5.3.0/../../../../../H-x86_64-mingw32/nios2-elf/lib\libc.a(lib_a-findfp.o)
 .text._cleanup_r
                0x000000000458928c        0xc c:/intelfpga_lite/16.1/nios2eds/bin/gnu/h-x86_64-mingw32/bin/../lib/gcc/nios2-elf/5.3.0/../../../../../H-x86_64-mingw32/nios2-elf/lib\libc.a(lib_a-findfp.o)
                0x000000000458928c                _cleanup_r
 .text.__sinit.part.1
                0x0000000004589298      0x19c c:/intelfpga_lite/16.1/nios2eds/bin/gnu/h-x86_64-mingw32/bin/../lib/gcc/nios2-elf/5.3.0/../../../../../H-x86_64-mingw32/nios2-elf/lib\libc.a(lib_a-findfp.o)
 .text.__fp_lock
                0x0000000004589434        0x8 c:/intelfpga_lite/16.1/nios2eds/bin/gnu/h-x86_64-mingw32/bin/../lib/gcc/nios2-elf/5.3.0/../../../../../H-x86_64-mingw32/nios2-elf/lib\libc.a(lib_a-findfp.o)
 .text.__sfmoreglue
                0x000000000458943c       0x68 c:/intelfpga_lite/16.1/nios2eds/bin/gnu/h-x86_64-mingw32/bin/../lib/gcc/nios2-elf/5.3.0/../../../../../H-x86_64-mingw32/nios2-elf/lib\libc.a(lib_a-findfp.o)
                0x000000000458943c                __sfmoreglue
 .text.__sfp    0x00000000045894a4      0x118 c:/intelfpga_lite/16.1/nios2eds/bin/gnu/h-x86_64-mingw32/bin/../lib/gcc/nios2-elf/5.3.0/../../../../../H-x86_64-mingw32/nios2-elf/lib\libc.a(lib_a-findfp.o)
                0x00000000045894a4                __sfp
 .text._cleanup
                0x00000000045895bc       0x18 c:/intelfpga_lite/16.1/nios2eds/bin/gnu/h-x86_64-mingw32/bin/../lib/gcc/nios2-elf/5.3.0/../../../../../H-x86_64-mingw32/nios2-elf/lib\libc.a(lib_a-findfp.o)
                0x00000000045895bc                _cleanup
 .text.__sinit  0x00000000045895d4       0x10 c:/intelfpga_lite/16.1/nios2eds/bin/gnu/h-x86_64-mingw32/bin/../lib/gcc/nios2-elf/5.3.0/../../../../../H-x86_64-mingw32/nios2-elf/lib\libc.a(lib_a-findfp.o)
                0x00000000045895d4                __sinit
 .text.__sfp_lock_acquire
                0x00000000045895e4        0x4 c:/intelfpga_lite/16.1/nios2eds/bin/gnu/h-x86_64-mingw32/bin/../lib/gcc/nios2-elf/5.3.0/../../../../../H-x86_64-mingw32/nios2-elf/lib\libc.a(lib_a-findfp.o)
                0x00000000045895e4                __sfp_lock_acquire
 .text.__sfp_lock_release
                0x00000000045895e8        0x4 c:/intelfpga_lite/16.1/nios2eds/bin/gnu/h-x86_64-mingw32/bin/../lib/gcc/nios2-elf/5.3.0/../../../../../H-x86_64-mingw32/nios2-elf/lib\libc.a(lib_a-findfp.o)
                0x00000000045895e8                __sfp_lock_release
 .text.__sinit_lock_acquire
                0x00000000045895ec        0x4 c:/intelfpga_lite/16.1/nios2eds/bin/gnu/h-x86_64-mingw32/bin/../lib/gcc/nios2-elf/5.3.0/../../../../../H-x86_64-mingw32/nios2-elf/lib\libc.a(lib_a-findfp.o)
                0x00000000045895ec                __sinit_lock_acquire
 .text.__sinit_lock_release
                0x00000000045895f0        0x4 c:/intelfpga_lite/16.1/nios2eds/bin/gnu/h-x86_64-mingw32/bin/../lib/gcc/nios2-elf/5.3.0/../../../../../H-x86_64-mingw32/nios2-elf/lib\libc.a(lib_a-findfp.o)
                0x00000000045895f0                __sinit_lock_release
 .text.__fp_lock_all
                0x00000000045895f4       0x18 c:/intelfpga_lite/16.1/nios2eds/bin/gnu/h-x86_64-mingw32/bin/../lib/gcc/nios2-elf/5.3.0/../../../../../H-x86_64-mingw32/nios2-elf/lib\libc.a(lib_a-findfp.o)
                0x00000000045895f4                __fp_lock_all
 .text.__fp_unlock_all
                0x000000000458960c       0x18 c:/intelfpga_lite/16.1/nios2eds/bin/gnu/h-x86_64-mingw32/bin/../lib/gcc/nios2-elf/5.3.0/../../../../../H-x86_64-mingw32/nios2-elf/lib\libc.a(lib_a-findfp.o)
                0x000000000458960c                __fp_unlock_all
 .text          0x0000000004589624        0x0 c:/intelfpga_lite/16.1/nios2eds/bin/gnu/h-x86_64-mingw32/bin/../lib/gcc/nios2-elf/5.3.0/../../../../../H-x86_64-mingw32/nios2-elf/lib\libc.a(lib_a-freer.o)
 .text._malloc_trim_r
                0x0000000004589624      0x124 c:/intelfpga_lite/16.1/nios2eds/bin/gnu/h-x86_64-mingw32/bin/../lib/gcc/nios2-elf/5.3.0/../../../../../H-x86_64-mingw32/nios2-elf/lib\libc.a(lib_a-freer.o)
                0x0000000004589624                _malloc_trim_r
 .text._free_r  0x0000000004589748      0x310 c:/intelfpga_lite/16.1/nios2eds/bin/gnu/h-x86_64-mingw32/bin/../lib/gcc/nios2-elf/5.3.0/../../../../../H-x86_64-mingw32/nios2-elf/lib\libc.a(lib_a-freer.o)
                0x0000000004589748                _free_r
 .text          0x0000000004589a58        0x0 c:/intelfpga_lite/16.1/nios2eds/bin/gnu/h-x86_64-mingw32/bin/../lib/gcc/nios2-elf/5.3.0/../../../../../H-x86_64-mingw32/nios2-elf/lib\libc.a(lib_a-fwalk.o)
 .text._fwalk   0x0000000004589a58       0xc4 c:/intelfpga_lite/16.1/nios2eds/bin/gnu/h-x86_64-mingw32/bin/../lib/gcc/nios2-elf/5.3.0/../../../../../H-x86_64-mingw32/nios2-elf/lib\libc.a(lib_a-fwalk.o)
                0x0000000004589a58                _fwalk
 .text._fwalk_reent
                0x0000000004589b1c       0xc4 c:/intelfpga_lite/16.1/nios2eds/bin/gnu/h-x86_64-mingw32/bin/../lib/gcc/nios2-elf/5.3.0/../../../../../H-x86_64-mingw32/nios2-elf/lib\libc.a(lib_a-fwalk.o)
                0x0000000004589b1c                _fwalk_reent
 .text          0x0000000004589be0        0x0 c:/intelfpga_lite/16.1/nios2eds/bin/gnu/h-x86_64-mingw32/bin/../lib/gcc/nios2-elf/5.3.0/../../../../../H-x86_64-mingw32/nios2-elf/lib\libc.a(lib_a-impure.o)
 .text          0x0000000004589be0        0x0 c:/intelfpga_lite/16.1/nios2eds/bin/gnu/h-x86_64-mingw32/bin/../lib/gcc/nios2-elf/5.3.0/../../../../../H-x86_64-mingw32/nios2-elf/lib\libc.a(lib_a-int_errno.o)
 .text          0x0000000004589be0        0x0 c:/intelfpga_lite/16.1/nios2eds/bin/gnu/h-x86_64-mingw32/bin/../lib/gcc/nios2-elf/5.3.0/../../../../../H-x86_64-mingw32/nios2-elf/lib\libc.a(lib_a-locale.o)
 .text._setlocale_r
                0x0000000004589be0       0x7c c:/intelfpga_lite/16.1/nios2eds/bin/gnu/h-x86_64-mingw32/bin/../lib/gcc/nios2-elf/5.3.0/../../../../../H-x86_64-mingw32/nios2-elf/lib\libc.a(lib_a-locale.o)
                0x0000000004589be0                _setlocale_r
 .text.__locale_charset
                0x0000000004589c5c        0xc c:/intelfpga_lite/16.1/nios2eds/bin/gnu/h-x86_64-mingw32/bin/../lib/gcc/nios2-elf/5.3.0/../../../../../H-x86_64-mingw32/nios2-elf/lib\libc.a(lib_a-locale.o)
                0x0000000004589c5c                __locale_charset
 .text.__locale_mb_cur_max
                0x0000000004589c68       0x10 c:/intelfpga_lite/16.1/nios2eds/bin/gnu/h-x86_64-mingw32/bin/../lib/gcc/nios2-elf/5.3.0/../../../../../H-x86_64-mingw32/nios2-elf/lib\libc.a(lib_a-locale.o)
                0x0000000004589c68                __locale_mb_cur_max
 .text.__locale_msgcharset
                0x0000000004589c78        0xc c:/intelfpga_lite/16.1/nios2eds/bin/gnu/h-x86_64-mingw32/bin/../lib/gcc/nios2-elf/5.3.0/../../../../../H-x86_64-mingw32/nios2-elf/lib\libc.a(lib_a-locale.o)
                0x0000000004589c78                __locale_msgcharset
 .text.__locale_cjk_lang
                0x0000000004589c84        0x8 c:/intelfpga_lite/16.1/nios2eds/bin/gnu/h-x86_64-mingw32/bin/../lib/gcc/nios2-elf/5.3.0/../../../../../H-x86_64-mingw32/nios2-elf/lib\libc.a(lib_a-locale.o)
                0x0000000004589c84                __locale_cjk_lang
 .text._localeconv_r
                0x0000000004589c8c        0xc c:/intelfpga_lite/16.1/nios2eds/bin/gnu/h-x86_64-mingw32/bin/../lib/gcc/nios2-elf/5.3.0/../../../../../H-x86_64-mingw32/nios2-elf/lib\libc.a(lib_a-locale.o)
                0x0000000004589c8c                _localeconv_r
 .text.setlocale
                0x0000000004589c98       0x18 c:/intelfpga_lite/16.1/nios2eds/bin/gnu/h-x86_64-mingw32/bin/../lib/gcc/nios2-elf/5.3.0/../../../../../H-x86_64-mingw32/nios2-elf/lib\libc.a(lib_a-locale.o)
                0x0000000004589c98                setlocale
 .text.localeconv
                0x0000000004589cb0        0xc c:/intelfpga_lite/16.1/nios2eds/bin/gnu/h-x86_64-mingw32/bin/../lib/gcc/nios2-elf/5.3.0/../../../../../H-x86_64-mingw32/nios2-elf/lib\libc.a(lib_a-locale.o)
                0x0000000004589cb0                localeconv
 .text          0x0000000004589cbc        0x0 c:/intelfpga_lite/16.1/nios2eds/bin/gnu/h-x86_64-mingw32/bin/../lib/gcc/nios2-elf/5.3.0/../../../../../H-x86_64-mingw32/nios2-elf/lib\libc.a(lib_a-makebuf.o)
 .text.__smakebuf_r
                0x0000000004589cbc      0x1bc c:/intelfpga_lite/16.1/nios2eds/bin/gnu/h-x86_64-mingw32/bin/../lib/gcc/nios2-elf/5.3.0/../../../../../H-x86_64-mingw32/nios2-elf/lib\libc.a(lib_a-makebuf.o)
                0x0000000004589cbc                __smakebuf_r
 .text          0x0000000004589e78        0x0 c:/intelfpga_lite/16.1/nios2eds/bin/gnu/h-x86_64-mingw32/bin/../lib/gcc/nios2-elf/5.3.0/../../../../../H-x86_64-mingw32/nios2-elf/lib\libc.a(lib_a-memchr.o)
 .text.memchr   0x0000000004589e78       0xe4 c:/intelfpga_lite/16.1/nios2eds/bin/gnu/h-x86_64-mingw32/bin/../lib/gcc/nios2-elf/5.3.0/../../../../../H-x86_64-mingw32/nios2-elf/lib\libc.a(lib_a-memchr.o)
                0x0000000004589e78                memchr
 .text          0x0000000004589f5c        0x0 c:/intelfpga_lite/16.1/nios2eds/bin/gnu/h-x86_64-mingw32/bin/../lib/gcc/nios2-elf/5.3.0/../../../../../H-x86_64-mingw32/nios2-elf/lib\libc.a(lib_a-mprec.o)
 .text._Balloc  0x0000000004589f5c       0xa8 c:/intelfpga_lite/16.1/nios2eds/bin/gnu/h-x86_64-mingw32/bin/../lib/gcc/nios2-elf/5.3.0/../../../../../H-x86_64-mingw32/nios2-elf/lib\libc.a(lib_a-mprec.o)
                0x0000000004589f5c                _Balloc
 .text._Bfree   0x000000000458a004       0x28 c:/intelfpga_lite/16.1/nios2eds/bin/gnu/h-x86_64-mingw32/bin/../lib/gcc/nios2-elf/5.3.0/../../../../../H-x86_64-mingw32/nios2-elf/lib\libc.a(lib_a-mprec.o)
                0x000000000458a004                _Bfree
 .text.__multadd
                0x000000000458a02c      0x120 c:/intelfpga_lite/16.1/nios2eds/bin/gnu/h-x86_64-mingw32/bin/../lib/gcc/nios2-elf/5.3.0/../../../../../H-x86_64-mingw32/nios2-elf/lib\libc.a(lib_a-mprec.o)
                0x000000000458a02c                __multadd
 .text.__s2b    0x000000000458a14c      0x104 c:/intelfpga_lite/16.1/nios2eds/bin/gnu/h-x86_64-mingw32/bin/../lib/gcc/nios2-elf/5.3.0/../../../../../H-x86_64-mingw32/nios2-elf/lib\libc.a(lib_a-mprec.o)
                0x000000000458a14c                __s2b
 .text.__hi0bits
                0x000000000458a250       0x68 c:/intelfpga_lite/16.1/nios2eds/bin/gnu/h-x86_64-mingw32/bin/../lib/gcc/nios2-elf/5.3.0/../../../../../H-x86_64-mingw32/nios2-elf/lib\libc.a(lib_a-mprec.o)
                0x000000000458a250                __hi0bits
 .text.__lo0bits
                0x000000000458a2b8       0xb0 c:/intelfpga_lite/16.1/nios2eds/bin/gnu/h-x86_64-mingw32/bin/../lib/gcc/nios2-elf/5.3.0/../../../../../H-x86_64-mingw32/nios2-elf/lib\libc.a(lib_a-mprec.o)
                0x000000000458a2b8                __lo0bits
 .text.__i2b    0x000000000458a368       0x3c c:/intelfpga_lite/16.1/nios2eds/bin/gnu/h-x86_64-mingw32/bin/../lib/gcc/nios2-elf/5.3.0/../../../../../H-x86_64-mingw32/nios2-elf/lib\libc.a(lib_a-mprec.o)
                0x000000000458a368                __i2b
 .text.__multiply
                0x000000000458a3a4      0x1f8 c:/intelfpga_lite/16.1/nios2eds/bin/gnu/h-x86_64-mingw32/bin/../lib/gcc/nios2-elf/5.3.0/../../../../../H-x86_64-mingw32/nios2-elf/lib\libc.a(lib_a-mprec.o)
                0x000000000458a3a4                __multiply
 .text.__pow5mult
                0x000000000458a59c      0x140 c:/intelfpga_lite/16.1/nios2eds/bin/gnu/h-x86_64-mingw32/bin/../lib/gcc/nios2-elf/5.3.0/../../../../../H-x86_64-mingw32/nios2-elf/lib\libc.a(lib_a-mprec.o)
                0x000000000458a59c                __pow5mult
 .text.__lshift
                0x000000000458a6dc      0x148 c:/intelfpga_lite/16.1/nios2eds/bin/gnu/h-x86_64-mingw32/bin/../lib/gcc/nios2-elf/5.3.0/../../../../../H-x86_64-mingw32/nios2-elf/lib\libc.a(lib_a-mprec.o)
                0x000000000458a6dc                __lshift
 .text.__mcmp   0x000000000458a824       0x60 c:/intelfpga_lite/16.1/nios2eds/bin/gnu/h-x86_64-mingw32/bin/../lib/gcc/nios2-elf/5.3.0/../../../../../H-x86_64-mingw32/nios2-elf/lib\libc.a(lib_a-mprec.o)
                0x000000000458a824                __mcmp
 .text.__mdiff  0x000000000458a884      0x1fc c:/intelfpga_lite/16.1/nios2eds/bin/gnu/h-x86_64-mingw32/bin/../lib/gcc/nios2-elf/5.3.0/../../../../../H-x86_64-mingw32/nios2-elf/lib\libc.a(lib_a-mprec.o)
                0x000000000458a884                __mdiff
 .text.__ulp    0x000000000458aa80       0x64 c:/intelfpga_lite/16.1/nios2eds/bin/gnu/h-x86_64-mingw32/bin/../lib/gcc/nios2-elf/5.3.0/../../../../../H-x86_64-mingw32/nios2-elf/lib\libc.a(lib_a-mprec.o)
                0x000000000458aa80                __ulp
 .text.__b2d    0x000000000458aae4      0x10c c:/intelfpga_lite/16.1/nios2eds/bin/gnu/h-x86_64-mingw32/bin/../lib/gcc/nios2-elf/5.3.0/../../../../../H-x86_64-mingw32/nios2-elf/lib\libc.a(lib_a-mprec.o)
                0x000000000458aae4                __b2d
 .text.__d2b    0x000000000458abf0      0x14c c:/intelfpga_lite/16.1/nios2eds/bin/gnu/h-x86_64-mingw32/bin/../lib/gcc/nios2-elf/5.3.0/../../../../../H-x86_64-mingw32/nios2-elf/lib\libc.a(lib_a-mprec.o)
                0x000000000458abf0                __d2b
 .text.__ratio  0x000000000458ad3c       0xa4 c:/intelfpga_lite/16.1/nios2eds/bin/gnu/h-x86_64-mingw32/bin/../lib/gcc/nios2-elf/5.3.0/../../../../../H-x86_64-mingw32/nios2-elf/lib\libc.a(lib_a-mprec.o)
                0x000000000458ad3c                __ratio
 .text._mprec_log10
                0x000000000458ade0       0x74 c:/intelfpga_lite/16.1/nios2eds/bin/gnu/h-x86_64-mingw32/bin/../lib/gcc/nios2-elf/5.3.0/../../../../../H-x86_64-mingw32/nios2-elf/lib\libc.a(lib_a-mprec.o)
                0x000000000458ade0                _mprec_log10
 .text.__copybits
                0x000000000458ae54       0x78 c:/intelfpga_lite/16.1/nios2eds/bin/gnu/h-x86_64-mingw32/bin/../lib/gcc/nios2-elf/5.3.0/../../../../../H-x86_64-mingw32/nios2-elf/lib\libc.a(lib_a-mprec.o)
                0x000000000458ae54                __copybits
 .text.__any_on
                0x000000000458aecc       0x8c c:/intelfpga_lite/16.1/nios2eds/bin/gnu/h-x86_64-mingw32/bin/../lib/gcc/nios2-elf/5.3.0/../../../../../H-x86_64-mingw32/nios2-elf/lib\libc.a(lib_a-mprec.o)
                0x000000000458aecc                __any_on
 .text          0x000000000458af58        0x0 c:/intelfpga_lite/16.1/nios2eds/bin/gnu/h-x86_64-mingw32/bin/../lib/gcc/nios2-elf/5.3.0/../../../../../H-x86_64-mingw32/nios2-elf/lib\libc.a(lib_a-s_fpclassify.o)
 .text.__fpclassifyd
                0x000000000458af58       0x74 c:/intelfpga_lite/16.1/nios2eds/bin/gnu/h-x86_64-mingw32/bin/../lib/gcc/nios2-elf/5.3.0/../../../../../H-x86_64-mingw32/nios2-elf/lib\libc.a(lib_a-s_fpclassify.o)
                0x000000000458af58                __fpclassifyd
 .text          0x000000000458afcc        0x0 c:/intelfpga_lite/16.1/nios2eds/bin/gnu/h-x86_64-mingw32/bin/../lib/gcc/nios2-elf/5.3.0/../../../../../H-x86_64-mingw32/nios2-elf/lib\libc.a(lib_a-stdio.o)
 .text.__sread  0x000000000458afcc       0x54 c:/intelfpga_lite/16.1/nios2eds/bin/gnu/h-x86_64-mingw32/bin/../lib/gcc/nios2-elf/5.3.0/../../../../../H-x86_64-mingw32/nios2-elf/lib\libc.a(lib_a-stdio.o)
                0x000000000458afcc                __sread
 .text.__seofread
                0x000000000458b020        0x8 c:/intelfpga_lite/16.1/nios2eds/bin/gnu/h-x86_64-mingw32/bin/../lib/gcc/nios2-elf/5.3.0/../../../../../H-x86_64-mingw32/nios2-elf/lib\libc.a(lib_a-stdio.o)
                0x000000000458b020                __seofread
 .text.__swrite
                0x000000000458b028       0x7c c:/intelfpga_lite/16.1/nios2eds/bin/gnu/h-x86_64-mingw32/bin/../lib/gcc/nios2-elf/5.3.0/../../../../../H-x86_64-mingw32/nios2-elf/lib\libc.a(lib_a-stdio.o)
                0x000000000458b028                __swrite
 .text.__sseek  0x000000000458b0a4       0x5c c:/intelfpga_lite/16.1/nios2eds/bin/gnu/h-x86_64-mingw32/bin/../lib/gcc/nios2-elf/5.3.0/../../../../../H-x86_64-mingw32/nios2-elf/lib\libc.a(lib_a-stdio.o)
                0x000000000458b0a4                __sseek
 .text.__sclose
                0x000000000458b100        0x8 c:/intelfpga_lite/16.1/nios2eds/bin/gnu/h-x86_64-mingw32/bin/../lib/gcc/nios2-elf/5.3.0/../../../../../H-x86_64-mingw32/nios2-elf/lib\libc.a(lib_a-stdio.o)
                0x000000000458b100                __sclose
 .text          0x000000000458b108        0x0 c:/intelfpga_lite/16.1/nios2eds/bin/gnu/h-x86_64-mingw32/bin/../lib/gcc/nios2-elf/5.3.0/../../../../../H-x86_64-mingw32/nios2-elf/lib\libc.a(lib_a-strcmp.o)
 .text.strcmp   0x000000000458b108       0xdc c:/intelfpga_lite/16.1/nios2eds/bin/gnu/h-x86_64-mingw32/bin/../lib/gcc/nios2-elf/5.3.0/../../../../../H-x86_64-mingw32/nios2-elf/lib\libc.a(lib_a-strcmp.o)
                0x000000000458b108                strcmp
 .text          0x000000000458b1e4        0x0 c:/intelfpga_lite/16.1/nios2eds/bin/gnu/h-x86_64-mingw32/bin/../lib/gcc/nios2-elf/5.3.0/../../../../../H-x86_64-mingw32/nios2-elf/lib\libc.a(lib_a-vfiprintf.o)
 .text.__sprint_r.part.0
                0x000000000458b1e4       0xfc c:/intelfpga_lite/16.1/nios2eds/bin/gnu/h-x86_64-mingw32/bin/../lib/gcc/nios2-elf/5.3.0/../../../../../H-x86_64-mingw32/nios2-elf/lib\libc.a(lib_a-vfiprintf.o)
 .text.__sprint_r
                0x000000000458b2e0       0x18 c:/intelfpga_lite/16.1/nios2eds/bin/gnu/h-x86_64-mingw32/bin/../lib/gcc/nios2-elf/5.3.0/../../../../../H-x86_64-mingw32/nios2-elf/lib\libc.a(lib_a-vfiprintf.o)
                0x000000000458b2e0                __sprint_r
 .text.___vfiprintf_internal_r
                0x000000000458b2f8     0x145c c:/intelfpga_lite/16.1/nios2eds/bin/gnu/h-x86_64-mingw32/bin/../lib/gcc/nios2-elf/5.3.0/../../../../../H-x86_64-mingw32/nios2-elf/lib\libc.a(lib_a-vfiprintf.o)
                0x000000000458b2f8                ___vfiprintf_internal_r
 .text.__vfiprintf_internal
                0x000000000458c754       0x1c c:/intelfpga_lite/16.1/nios2eds/bin/gnu/h-x86_64-mingw32/bin/../lib/gcc/nios2-elf/5.3.0/../../../../../H-x86_64-mingw32/nios2-elf/lib\libc.a(lib_a-vfiprintf.o)
                0x000000000458c754                __vfiprintf_internal
 .text.__sbprintf
                0x000000000458c770       0xbc c:/intelfpga_lite/16.1/nios2eds/bin/gnu/h-x86_64-mingw32/bin/../lib/gcc/nios2-elf/5.3.0/../../../../../H-x86_64-mingw32/nios2-elf/lib\libc.a(lib_a-vfiprintf.o)
 .text          0x000000000458c82c        0x0 c:/intelfpga_lite/16.1/nios2eds/bin/gnu/h-x86_64-mingw32/bin/../lib/gcc/nios2-elf/5.3.0/../../../../../H-x86_64-mingw32/nios2-elf/lib\libc.a(lib_a-writer.o)
 .text._write_r
                0x000000000458c82c       0x60 c:/intelfpga_lite/16.1/nios2eds/bin/gnu/h-x86_64-mingw32/bin/../lib/gcc/nios2-elf/5.3.0/../../../../../H-x86_64-mingw32/nios2-elf/lib\libc.a(lib_a-writer.o)
                0x000000000458c82c                _write_r
 .text          0x000000000458c88c        0x0 c:/intelfpga_lite/16.1/nios2eds/bin/gnu/h-x86_64-mingw32/bin/../lib/gcc/nios2-elf/5.3.0/../../../../../H-x86_64-mingw32/nios2-elf/lib\libc.a(closer.o)
 .text._close_r
                0x000000000458c88c       0x54 c:/intelfpga_lite/16.1/nios2eds/bin/gnu/h-x86_64-mingw32/bin/../lib/gcc/nios2-elf/5.3.0/../../../../../H-x86_64-mingw32/nios2-elf/lib\libc.a(closer.o)
                0x000000000458c88c                _close_r
 .text          0x000000000458c8e0        0x0 c:/intelfpga_lite/16.1/nios2eds/bin/gnu/h-x86_64-mingw32/bin/../lib/gcc/nios2-elf/5.3.0/../../../../../H-x86_64-mingw32/nios2-elf/lib\libc.a(lib_a-callocr.o)
 .text._calloc_r
                0x000000000458c8e0       0xc4 c:/intelfpga_lite/16.1/nios2eds/bin/gnu/h-x86_64-mingw32/bin/../lib/gcc/nios2-elf/5.3.0/../../../../../H-x86_64-mingw32/nios2-elf/lib\libc.a(lib_a-callocr.o)
                0x000000000458c8e0                _calloc_r
 .text          0x000000000458c9a4        0x0 c:/intelfpga_lite/16.1/nios2eds/bin/gnu/h-x86_64-mingw32/bin/../lib/gcc/nios2-elf/5.3.0/../../../../../H-x86_64-mingw32/nios2-elf/lib\libc.a(lib_a-fclose.o)
 .text._fclose_r
                0x000000000458c9a4       0xf0 c:/intelfpga_lite/16.1/nios2eds/bin/gnu/h-x86_64-mingw32/bin/../lib/gcc/nios2-elf/5.3.0/../../../../../H-x86_64-mingw32/nios2-elf/lib\libc.a(lib_a-fclose.o)
                0x000000000458c9a4                _fclose_r
 .text.fclose   0x000000000458ca94       0x14 c:/intelfpga_lite/16.1/nios2eds/bin/gnu/h-x86_64-mingw32/bin/../lib/gcc/nios2-elf/5.3.0/../../../../../H-x86_64-mingw32/nios2-elf/lib\libc.a(lib_a-fclose.o)
                0x000000000458ca94                fclose
 .text          0x000000000458caa8        0x0 c:/intelfpga_lite/16.1/nios2eds/bin/gnu/h-x86_64-mingw32/bin/../lib/gcc/nios2-elf/5.3.0/../../../../../H-x86_64-mingw32/nios2-elf/lib\libc.a(lib_a-fputwc.o)
 .text.__fputwc
                0x000000000458caa8      0x164 c:/intelfpga_lite/16.1/nios2eds/bin/gnu/h-x86_64-mingw32/bin/../lib/gcc/nios2-elf/5.3.0/../../../../../H-x86_64-mingw32/nios2-elf/lib\libc.a(lib_a-fputwc.o)
                0x000000000458caa8                __fputwc
 .text._fputwc_r
                0x000000000458cc0c       0x24 c:/intelfpga_lite/16.1/nios2eds/bin/gnu/h-x86_64-mingw32/bin/../lib/gcc/nios2-elf/5.3.0/../../../../../H-x86_64-mingw32/nios2-elf/lib\libc.a(lib_a-fputwc.o)
                0x000000000458cc0c                _fputwc_r
 .text.fputwc   0x000000000458cc30       0x80 c:/intelfpga_lite/16.1/nios2eds/bin/gnu/h-x86_64-mingw32/bin/../lib/gcc/nios2-elf/5.3.0/../../../../../H-x86_64-mingw32/nios2-elf/lib\libc.a(lib_a-fputwc.o)
                0x000000000458cc30                fputwc
 .text          0x000000000458ccb0        0x0 c:/intelfpga_lite/16.1/nios2eds/bin/gnu/h-x86_64-mingw32/bin/../lib/gcc/nios2-elf/5.3.0/../../../../../H-x86_64-mingw32/nios2-elf/lib\libc.a(lib_a-fstatr.o)
 .text._fstat_r
                0x000000000458ccb0       0x5c c:/intelfpga_lite/16.1/nios2eds/bin/gnu/h-x86_64-mingw32/bin/../lib/gcc/nios2-elf/5.3.0/../../../../../H-x86_64-mingw32/nios2-elf/lib\libc.a(lib_a-fstatr.o)
                0x000000000458ccb0                _fstat_r
 .text          0x000000000458cd0c        0x0 c:/intelfpga_lite/16.1/nios2eds/bin/gnu/h-x86_64-mingw32/bin/../lib/gcc/nios2-elf/5.3.0/../../../../../H-x86_64-mingw32/nios2-elf/lib\libc.a(lib_a-fvwrite.o)
 .text.__sfvwrite_r
                0x000000000458cd0c      0x4bc c:/intelfpga_lite/16.1/nios2eds/bin/gnu/h-x86_64-mingw32/bin/../lib/gcc/nios2-elf/5.3.0/../../../../../H-x86_64-mingw32/nios2-elf/lib\libc.a(lib_a-fvwrite.o)
                0x000000000458cd0c                __sfvwrite_r
 .text          0x000000000458d1c8        0x0 c:/intelfpga_lite/16.1/nios2eds/bin/gnu/h-x86_64-mingw32/bin/../lib/gcc/nios2-elf/5.3.0/../../../../../H-x86_64-mingw32/nios2-elf/lib\libc.a(lib_a-isattyr.o)
 .text._isatty_r
                0x000000000458d1c8       0x54 c:/intelfpga_lite/16.1/nios2eds/bin/gnu/h-x86_64-mingw32/bin/../lib/gcc/nios2-elf/5.3.0/../../../../../H-x86_64-mingw32/nios2-elf/lib\libc.a(lib_a-isattyr.o)
                0x000000000458d1c8                _isatty_r
 .text          0x000000000458d21c        0x0 c:/intelfpga_lite/16.1/nios2eds/bin/gnu/h-x86_64-mingw32/bin/../lib/gcc/nios2-elf/5.3.0/../../../../../H-x86_64-mingw32/nios2-elf/lib\libc.a(lib_a-lseekr.o)
 .text._lseek_r
                0x000000000458d21c       0x60 c:/intelfpga_lite/16.1/nios2eds/bin/gnu/h-x86_64-mingw32/bin/../lib/gcc/nios2-elf/5.3.0/../../../../../H-x86_64-mingw32/nios2-elf/lib\libc.a(lib_a-lseekr.o)
                0x000000000458d21c                _lseek_r
 .text          0x000000000458d27c        0x0 c:/intelfpga_lite/16.1/nios2eds/bin/gnu/h-x86_64-mingw32/bin/../lib/gcc/nios2-elf/5.3.0/../../../../../H-x86_64-mingw32/nios2-elf/lib\libc.a(lib_a-memmove.o)
 .text.memmove  0x000000000458d27c      0x15c c:/intelfpga_lite/16.1/nios2eds/bin/gnu/h-x86_64-mingw32/bin/../lib/gcc/nios2-elf/5.3.0/../../../../../H-x86_64-mingw32/nios2-elf/lib\libc.a(lib_a-memmove.o)
                0x000000000458d27c                memmove
 .text          0x000000000458d3d8        0x0 c:/intelfpga_lite/16.1/nios2eds/bin/gnu/h-x86_64-mingw32/bin/../lib/gcc/nios2-elf/5.3.0/../../../../../H-x86_64-mingw32/nios2-elf/lib\libc.a(lib_a-readr.o)
 .text._read_r  0x000000000458d3d8       0x60 c:/intelfpga_lite/16.1/nios2eds/bin/gnu/h-x86_64-mingw32/bin/../lib/gcc/nios2-elf/5.3.0/../../../../../H-x86_64-mingw32/nios2-elf/lib\libc.a(lib_a-readr.o)
                0x000000000458d3d8                _read_r
 .text          0x000000000458d438        0x0 c:/intelfpga_lite/16.1/nios2eds/bin/gnu/h-x86_64-mingw32/bin/../lib/gcc/nios2-elf/5.3.0/../../../../../H-x86_64-mingw32/nios2-elf/lib\libc.a(lib_a-reallocr.o)
 .text._realloc_r
                0x000000000458d438      0x564 c:/intelfpga_lite/16.1/nios2eds/bin/gnu/h-x86_64-mingw32/bin/../lib/gcc/nios2-elf/5.3.0/../../../../../H-x86_64-mingw32/nios2-elf/lib\libc.a(lib_a-reallocr.o)
                0x000000000458d438                _realloc_r
 .text          0x000000000458d99c        0x0 c:/intelfpga_lite/16.1/nios2eds/bin/gnu/h-x86_64-mingw32/bin/../lib/gcc/nios2-elf/5.3.0/../../../../../H-x86_64-mingw32/nios2-elf/lib\libc.a(lib_a-wbuf.o)
 .text.__swbuf_r
                0x000000000458d99c      0x140 c:/intelfpga_lite/16.1/nios2eds/bin/gnu/h-x86_64-mingw32/bin/../lib/gcc/nios2-elf/5.3.0/../../../../../H-x86_64-mingw32/nios2-elf/lib\libc.a(lib_a-wbuf.o)
                0x000000000458d99c                __swbuf_r
 .text.__swbuf  0x000000000458dadc       0x18 c:/intelfpga_lite/16.1/nios2eds/bin/gnu/h-x86_64-mingw32/bin/../lib/gcc/nios2-elf/5.3.0/../../../../../H-x86_64-mingw32/nios2-elf/lib\libc.a(lib_a-wbuf.o)
                0x000000000458dadc                __swbuf
 .text          0x000000000458daf4        0x0 c:/intelfpga_lite/16.1/nios2eds/bin/gnu/h-x86_64-mingw32/bin/../lib/gcc/nios2-elf/5.3.0/../../../../../H-x86_64-mingw32/nios2-elf/lib\libc.a(lib_a-wcrtomb.o)
 .text._wcrtomb_r
                0x000000000458daf4       0x9c c:/intelfpga_lite/16.1/nios2eds/bin/gnu/h-x86_64-mingw32/bin/../lib/gcc/nios2-elf/5.3.0/../../../../../H-x86_64-mingw32/nios2-elf/lib\libc.a(lib_a-wcrtomb.o)
                0x000000000458daf4                _wcrtomb_r
 .text.wcrtomb  0x000000000458db90       0xc0 c:/intelfpga_lite/16.1/nios2eds/bin/gnu/h-x86_64-mingw32/bin/../lib/gcc/nios2-elf/5.3.0/../../../../../H-x86_64-mingw32/nios2-elf/lib\libc.a(lib_a-wcrtomb.o)
                0x000000000458db90                wcrtomb
 .text          0x000000000458dc50        0x0 c:/intelfpga_lite/16.1/nios2eds/bin/gnu/h-x86_64-mingw32/bin/../lib/gcc/nios2-elf/5.3.0/../../../../../H-x86_64-mingw32/nios2-elf/lib\libc.a(lib_a-wctomb_r.o)
 .text.__ascii_wctomb
                0x000000000458dc50       0x30 c:/intelfpga_lite/16.1/nios2eds/bin/gnu/h-x86_64-mingw32/bin/../lib/gcc/nios2-elf/5.3.0/../../../../../H-x86_64-mingw32/nios2-elf/lib\libc.a(lib_a-wctomb_r.o)
                0x000000000458dc50                __ascii_wctomb
 .text._wctomb_r
                0x000000000458dc80       0x5c c:/intelfpga_lite/16.1/nios2eds/bin/gnu/h-x86_64-mingw32/bin/../lib/gcc/nios2-elf/5.3.0/../../../../../H-x86_64-mingw32/nios2-elf/lib\libc.a(lib_a-wctomb_r.o)
                0x000000000458dc80                _wctomb_r
 .text          0x000000000458dcdc      0x578 c:/intelfpga_lite/16.1/nios2eds/bin/gnu/h-x86_64-mingw32/bin/../lib/gcc/nios2-elf/5.3.0\libgcc.a(_udivdi3.o)
                0x000000000458dcdc                __udivdi3
 .text          0x000000000458e254      0x538 c:/intelfpga_lite/16.1/nios2eds/bin/gnu/h-x86_64-mingw32/bin/../lib/gcc/nios2-elf/5.3.0\libgcc.a(_umoddi3.o)
                0x000000000458e254                __umoddi3
 .text          0x000000000458e78c      0x8ac c:/intelfpga_lite/16.1/nios2eds/bin/gnu/h-x86_64-mingw32/bin/../lib/gcc/nios2-elf/5.3.0\libgcc.a(adddf3.o)
                0x000000000458e78c                __adddf3
 .text          0x000000000458f038      0x8e8 c:/intelfpga_lite/16.1/nios2eds/bin/gnu/h-x86_64-mingw32/bin/../lib/gcc/nios2-elf/5.3.0\libgcc.a(divdf3.o)
                0x000000000458f038                __divdf3
 .text          0x000000000458f920       0x88 c:/intelfpga_lite/16.1/nios2eds/bin/gnu/h-x86_64-mingw32/bin/../lib/gcc/nios2-elf/5.3.0\libgcc.a(eqdf2.o)
                0x000000000458f920                __nedf2
                0x000000000458f920                __eqdf2
 .text          0x000000000458f9a8       0xdc c:/intelfpga_lite/16.1/nios2eds/bin/gnu/h-x86_64-mingw32/bin/../lib/gcc/nios2-elf/5.3.0\libgcc.a(gedf2.o)
                0x000000000458f9a8                __gedf2
                0x000000000458f9a8                __gtdf2
 .text          0x000000000458fa84       0xf4 c:/intelfpga_lite/16.1/nios2eds/bin/gnu/h-x86_64-mingw32/bin/../lib/gcc/nios2-elf/5.3.0\libgcc.a(ledf2.o)
                0x000000000458fa84                __ledf2
                0x000000000458fa84                __ltdf2
 .text          0x000000000458fb78      0x718 c:/intelfpga_lite/16.1/nios2eds/bin/gnu/h-x86_64-mingw32/bin/../lib/gcc/nios2-elf/5.3.0\libgcc.a(muldf3.o)
                0x000000000458fb78                __muldf3
 .text          0x0000000004590290      0x8fc c:/intelfpga_lite/16.1/nios2eds/bin/gnu/h-x86_64-mingw32/bin/../lib/gcc/nios2-elf/5.3.0\libgcc.a(subdf3.o)
                0x0000000004590290                __subdf3
 .text          0x0000000004590b8c       0x80 c:/intelfpga_lite/16.1/nios2eds/bin/gnu/h-x86_64-mingw32/bin/../lib/gcc/nios2-elf/5.3.0\libgcc.a(fixdfsi.o)
                0x0000000004590b8c                __fixdfsi
 .text          0x0000000004590c0c       0xdc c:/intelfpga_lite/16.1/nios2eds/bin/gnu/h-x86_64-mingw32/bin/../lib/gcc/nios2-elf/5.3.0\libgcc.a(floatsidf.o)
                0x0000000004590c0c                __floatsidf
 .text          0x0000000004590ce8       0xa8 c:/intelfpga_lite/16.1/nios2eds/bin/gnu/h-x86_64-mingw32/bin/../lib/gcc/nios2-elf/5.3.0\libgcc.a(floatunsidf.o)
                0x0000000004590ce8                __floatunsidf
 .text          0x0000000004590d90        0x0 c:/intelfpga_lite/16.1/nios2eds/bin/gnu/h-x86_64-mingw32/bin/../lib/gcc/nios2-elf/5.3.0\libgcc.a(_clz.o)
 .text          0x0000000004590d90       0x64 c:/intelfpga_lite/16.1/nios2eds/bin/gnu/h-x86_64-mingw32/bin/../lib/gcc/nios2-elf/5.3.0\libgcc.a(_clzsi2.o)
                0x0000000004590d90                __clzsi2
 .text          0x0000000004590df4       0xb8 ../lab5_bsp/\libucosii_bsp.a(alt_close.o)
                0x0000000004590df4                close
 .text          0x0000000004590eac       0x18 ../lab5_bsp/\libucosii_bsp.a(alt_dcache_flush_all.o)
                0x0000000004590eac                alt_dcache_flush_all
 .text          0x0000000004590ec4        0x8 ../lab5_bsp/\libucosii_bsp.a(alt_dev.o)
 .text          0x0000000004590ecc        0x0 ../lab5_bsp/\libucosii_bsp.a(alt_errno.o)
 .text          0x0000000004590ecc       0x74 ../lab5_bsp/\libucosii_bsp.a(alt_fstat.o)
                0x0000000004590ecc                fstat
 .text          0x0000000004590f40       0x84 ../lab5_bsp/\libucosii_bsp.a(alt_isatty.o)
                0x0000000004590f40                isatty
 .text          0x0000000004590fc4      0x184 ../lab5_bsp/\libucosii_bsp.a(alt_load.o)
                0x0000000004590fc4                alt_load
 .text          0x0000000004591148       0x90 ../lab5_bsp/\libucosii_bsp.a(alt_lseek.o)
                0x0000000004591148                lseek
 .text          0x00000000045911d8       0x90 ../lab5_bsp/\libucosii_bsp.a(alt_main.o)
                0x00000000045911d8                alt_main
 .text          0x0000000004591268       0xd8 ../lab5_bsp/\libucosii_bsp.a(alt_read.o)
                0x0000000004591268                read
 .text          0x0000000004591340       0x24 ../lab5_bsp/\libucosii_bsp.a(alt_release_fd.o)
                0x0000000004591340                alt_release_fd
 .text          0x0000000004591364       0x4c ../lab5_bsp/\libucosii_bsp.a(alt_sbrk.o)
                0x0000000004591364                sbrk
 .text          0x00000000045913b0      0x108 ../lab5_bsp/\libucosii_bsp.a(alt_tick.o)
                0x00000000045913b0                alt_alarm_stop
                0x00000000045913e8                alt_tick
 .text          0x00000000045914b8       0xd4 ../lab5_bsp/\libucosii_bsp.a(alt_write.o)
                0x00000000045914b8                write
 .text          0x000000000459158c       0xb8 ../lab5_bsp/\libucosii_bsp.a(alt_env_lock.o)
                0x000000000459158c                __env_lock
                0x000000000459160c                __env_unlock
 .text          0x0000000004591644      0x110 ../lab5_bsp/\libucosii_bsp.a(alt_malloc_lock.o)
                0x0000000004591644                __malloc_lock
                0x00000000045916e8                __malloc_unlock
 .text          0x0000000004591754     0x11e4 ../lab5_bsp/\libucosii_bsp.a(os_core.o)
                0x0000000004591790                OS_TaskIdle
                0x00000000045917c4                OSIntEnter
                0x00000000045917ec                OSIntExit
                0x0000000004591898                OSSchedLock
                0x00000000045918dc                OSStart
                0x000000000459192c                OSStatInit
                0x0000000004591990                OSTimeTick
                0x0000000004591ab0                OSVersion
                0x0000000004591ab8                OS_Dummy
                0x0000000004591abc                OS_EventTaskWait
                0x0000000004591b30                OS_EventTaskWaitMulti
                0x0000000004591bbc                OS_EventTaskRemove
                0x0000000004591bfc                OS_EventTaskRemoveMulti
                0x0000000004591c54                OS_EventTaskRdy
                0x0000000004591d44                OS_EventWaitListInit
                0x0000000004591d58                OS_MemClr
                0x0000000004591d84                OSInit
                0x0000000004591fac                OS_MemCopy
                0x0000000004591fe0                OS_Sched
                0x000000000459206c                OSEventPendMulti
                0x0000000004592414                OSSchedUnlock
                0x000000000459248c                OS_StrCopy
                0x00000000045924d0                OSEventNameGet
                0x0000000004592590                OS_StrLen
                0x00000000045925b8                OSEventNameSet
                0x0000000004592694                OS_TaskStatStkChk
                0x0000000004592728                OS_TaskStat
                0x00000000045927bc                OS_TCBInit
 .text          0x0000000004592938        0x4 ../lab5_bsp/\libucosii_bsp.a(os_dbg.o)
                0x0000000004592938                OSDebugInit
 .text          0x000000000459293c      0xd50 ../lab5_bsp/\libucosii_bsp.a(os_flag.o)
                0x00000000045929cc                OSFlagAccept
                0x0000000004592b60                OSFlagCreate
                0x0000000004592be0                OSFlagNameGet
                0x0000000004592ca0                OSFlagNameSet
                0x0000000004592d7c                OSFlagPendGetFlagsRdy
                0x0000000004592d9c                OSFlagQuery
                0x0000000004592df8                OS_FlagInit
                0x0000000004592e8c                OS_FlagUnlink
                0x0000000004592f48                OSFlagDel
                0x00000000045930c0                OSFlagPost
                0x0000000004593314                OSFlagPend
 .text          0x000000000459368c      0x414 ../lab5_bsp/\libucosii_bsp.a(os_mem.o)
                0x000000000459368c                OSMemCreate
                0x000000000459378c                OSMemGet
                0x00000000045937f8                OSMemNameGet
                0x0000000004593898                OSMemNameSet
                0x0000000004593958                OSMemPut
                0x00000000045939bc                OSMemQuery
                0x0000000004593a20                OS_MemInit
 .text          0x0000000004593aa0      0xa30 ../lab5_bsp/\libucosii_bsp.a(os_q.o)
                0x0000000004593aa0                OSQAccept
                0x0000000004593b40                OSQCreate
                0x0000000004593c28                OSQDel
                0x0000000004593de4                OSQFlush
                0x0000000004593e34                OSQPend
                0x0000000004593fc4                OSQPendAbort
                0x00000000045940dc                OSQPost
                0x00000000045941a4                OSQPostFront
                0x000000000459426c                OSQPostOpt
                0x00000000045943d4                OSQQuery
                0x0000000004594474                OS_QInit
 .text          0x00000000045944d0      0x640 ../lab5_bsp/\libucosii_bsp.a(os_sem.o)
                0x00000000045944d0                OSSemAccept
                0x000000000459451c                OSSemCreate
                0x00000000045945a0                OSSemDel
                0x000000000459472c                OSSemPend
                0x000000000459486c                OSSemPendAbort
                0x0000000004594984                OSSemPost
                0x0000000004594a28                OSSemQuery
                0x0000000004594aa0                OSSemSet
 .text          0x0000000004594b10      0xf24 ../lab5_bsp/\libucosii_bsp.a(os_task.o)
                0x0000000004594b10                OSTaskChangePrio
                0x0000000004594dac                OSTaskCreate
                0x0000000004594ed0                OSTaskDel
                0x0000000004595110                OSTaskDelReq
                0x00000000045951d8                OSTaskNameGet
                0x00000000045952e4                OSTaskNameSet
                0x000000000459540c                OSTaskResume
                0x0000000004595520                OSTaskStkChk
                0x0000000004595654                OSTaskSuspend
                0x0000000004595798                OSTaskQuery
                0x0000000004595888                OS_TaskStkClr
                0x00000000045958ac                OSTaskCreateExt
 .text          0x0000000004595a34      0x2e8 ../lab5_bsp/\libucosii_bsp.a(os_time.o)
                0x0000000004595a34                OSTimeDly
                0x0000000004595ab4                OSTimeDlyHMSM
                0x0000000004595bd0                OSTimeDlyResume
                0x0000000004595ce4                OSTimeGet
                0x0000000004595d00                OSTimeSet
 .text          0x0000000004595d1c       0x78 ../lab5_bsp/\libucosii_bsp.a(alt_sys_init.o)
                0x0000000004595d1c                alt_irq_init
                0x0000000004595d3c                alt_sys_init
 .text          0x0000000004595d94       0x8c ../lab5_bsp/\libucosii_bsp.a(altera_avalon_jtag_uart_fd.o)
                0x0000000004595d94                altera_avalon_jtag_uart_read_fd
                0x0000000004595db8                altera_avalon_jtag_uart_write_fd
                0x0000000004595ddc                altera_avalon_jtag_uart_close_fd
                0x0000000004595e00                altera_avalon_jtag_uart_ioctl_fd
 .text          0x0000000004595e20      0x320 ../lab5_bsp/\libucosii_bsp.a(altera_avalon_jtag_uart_init.o)
                0x0000000004596044                altera_avalon_jtag_uart_init
                0x0000000004596104                altera_avalon_jtag_uart_close
 .text          0x0000000004596140       0x88 ../lab5_bsp/\libucosii_bsp.a(altera_avalon_jtag_uart_ioctl.o)
                0x0000000004596140                altera_avalon_jtag_uart_ioctl
 .text          0x00000000045961c8      0x1c0 ../lab5_bsp/\libucosii_bsp.a(altera_avalon_jtag_uart_read.o)
                0x00000000045961c8                altera_avalon_jtag_uart_read
 .text          0x0000000004596388      0x210 ../lab5_bsp/\libucosii_bsp.a(altera_avalon_jtag_uart_write.o)
                0x0000000004596388                altera_avalon_jtag_uart_write
 .text          0x0000000004596598       0x84 ../lab5_bsp/\libucosii_bsp.a(altera_avalon_timer_sc.o)
                0x00000000045965d4                alt_avalon_timer_sc_init
 .text          0x000000000459661c       0x80 ../lab5_bsp/\libucosii_bsp.a(alt_alarm_start.o)
                0x000000000459661c                alt_alarm_start
 .text          0x000000000459669c       0x74 ../lab5_bsp/\libucosii_bsp.a(alt_dev_llist_insert.o)
                0x000000000459669c                alt_dev_llist_insert
 .text          0x0000000004596710       0x78 ../lab5_bsp/\libucosii_bsp.a(alt_do_ctors.o)
                0x0000000004596710                _do_ctors
 .text          0x0000000004596788       0x78 ../lab5_bsp/\libucosii_bsp.a(alt_do_dtors.o)
                0x0000000004596788                _do_dtors
 .text          0x0000000004596800       0x20 ../lab5_bsp/\libucosii_bsp.a(alt_icache_flush_all.o)
                0x0000000004596800                alt_icache_flush_all
 .text          0x0000000004596820       0xa8 ../lab5_bsp/\libucosii_bsp.a(alt_iic.o)
                0x0000000004596820                alt_ic_isr_register
                0x0000000004596840                alt_ic_irq_enable
                0x0000000004596878                alt_ic_irq_disable
                0x00000000045968b0                alt_ic_irq_enabled
 .text          0x00000000045968c8       0x6c ../lab5_bsp/\libucosii_bsp.a(alt_iic_isr_register.o)
                0x00000000045968c8                alt_iic_isr_register
 .text          0x0000000004596934       0xf8 ../lab5_bsp/\libucosii_bsp.a(alt_io_redirect.o)
                0x0000000004596998                alt_io_redirect
 .text          0x0000000004596a2c        0x0 ../lab5_bsp/\libucosii_bsp.a(alt_irq_entry.o)
 .text          0x0000000004596a2c        0x0 ../lab5_bsp/\libucosii_bsp.a(alt_irq_handler.o)
 .text          0x0000000004596a2c        0x0 ../lab5_bsp/\libucosii_bsp.a(alt_irq_vars.o)
 .text          0x0000000004596a2c      0x190 ../lab5_bsp/\libucosii_bsp.a(alt_open.o)
                0x0000000004596a2c                open
 .text          0x0000000004596bbc        0x8 ../lab5_bsp/\libucosii_bsp.a(altera_nios2_qsys_irq.o)
                0x0000000004596bbc                altera_nios2_qsys_irq_init
 .text          0x0000000004596bc4       0xd0 ../lab5_bsp/\libucosii_bsp.a(os_cpu_a.o)
                0x0000000004596bc4                OSCtxSw
                0x0000000004596bc4                OSIntCtxSw
                0x0000000004596c50                OSStartHighRdy
                0x0000000004596c70                OSStartTsk
 .text          0x0000000004596c94       0xfc ../lab5_bsp/\libucosii_bsp.a(os_cpu_c.o)
                0x0000000004596c94                OSTaskStkInit
                0x0000000004596d6c                OSTaskCreateHook
                0x0000000004596d70                OSTaskDelHook
                0x0000000004596d74                OSTaskSwHook
                0x0000000004596d78                OSTaskStatHook
                0x0000000004596d7c                OSTimeTickHook
                0x0000000004596d80                OSInitHookBegin
                0x0000000004596d84                OSInitHookEnd
                0x0000000004596d88                OSTaskIdleHook
                0x0000000004596d8c                OSTCBInitHook
 .text          0x0000000004596d90        0x0 ../lab5_bsp/\libucosii_bsp.a(alt_exception_entry.o)
 .text          0x0000000004596d90       0x7c ../lab5_bsp/\libucosii_bsp.a(alt_find_dev.o)
                0x0000000004596d90                alt_find_dev
 .text          0x0000000004596e0c       0xc0 ../lab5_bsp/\libucosii_bsp.a(alt_find_file.o)
                0x0000000004596e0c                alt_find_file
 .text          0x0000000004596ecc       0xa8 ../lab5_bsp/\libucosii_bsp.a(alt_get_fd.o)
                0x0000000004596ecc                alt_get_fd
 .text          0x0000000004596f74       0x58 ../lab5_bsp/\libucosii_bsp.a(alt_icache_flush.o)
                0x0000000004596f74                alt_icache_flush
 .text          0x0000000004596fcc        0x0 c:/intelfpga_lite/16.1/nios2eds/bin/gnu/h-x86_64-mingw32/bin/../lib/gcc/nios2-elf/5.3.0/../../../../../H-x86_64-mingw32/nios2-elf/lib\libc.a(lib_a-atexit.o)
 .text.atexit   0x0000000004596fcc       0x14 c:/intelfpga_lite/16.1/nios2eds/bin/gnu/h-x86_64-mingw32/bin/../lib/gcc/nios2-elf/5.3.0/../../../../../H-x86_64-mingw32/nios2-elf/lib\libc.a(lib_a-atexit.o)
                0x0000000004596fcc                atexit
 .text          0x0000000004596fe0        0x0 c:/intelfpga_lite/16.1/nios2eds/bin/gnu/h-x86_64-mingw32/bin/../lib/gcc/nios2-elf/5.3.0/../../../../../H-x86_64-mingw32/nios2-elf/lib\libc.a(lib_a-exit.o)
 .text.exit     0x0000000004596fe0       0x38 c:/intelfpga_lite/16.1/nios2eds/bin/gnu/h-x86_64-mingw32/bin/../lib/gcc/nios2-elf/5.3.0/../../../../../H-x86_64-mingw32/nios2-elf/lib\libc.a(lib_a-exit.o)
                0x0000000004596fe0                exit
 .text          0x0000000004597018        0x0 c:/intelfpga_lite/16.1/nios2eds/bin/gnu/h-x86_64-mingw32/bin/../lib/gcc/nios2-elf/5.3.0/../../../../../H-x86_64-mingw32/nios2-elf/lib\libc.a(lib_a-memcmp.o)
 .text.memcmp   0x0000000004597018       0x7c c:/intelfpga_lite/16.1/nios2eds/bin/gnu/h-x86_64-mingw32/bin/../lib/gcc/nios2-elf/5.3.0/../../../../../H-x86_64-mingw32/nios2-elf/lib\libc.a(lib_a-memcmp.o)
                0x0000000004597018                memcmp
 .text          0x0000000004597094        0x0 c:/intelfpga_lite/16.1/nios2eds/bin/gnu/h-x86_64-mingw32/bin/../lib/gcc/nios2-elf/5.3.0/../../../../../H-x86_64-mingw32/nios2-elf/lib\libc.a(lib_a-__atexit.o)
 .text.__register_exitproc
                0x0000000004597094      0x118 c:/intelfpga_lite/16.1/nios2eds/bin/gnu/h-x86_64-mingw32/bin/../lib/gcc/nios2-elf/5.3.0/../../../../../H-x86_64-mingw32/nios2-elf/lib\libc.a(lib_a-__atexit.o)
                0x0000000004597094                __register_exitproc
 .text          0x00000000045971ac        0x0 c:/intelfpga_lite/16.1/nios2eds/bin/gnu/h-x86_64-mingw32/bin/../lib/gcc/nios2-elf/5.3.0/../../../../../H-x86_64-mingw32/nios2-elf/lib\libc.a(lib_a-__call_atexit.o)
 .text.__call_exitprocs
                0x00000000045971ac      0x180 c:/intelfpga_lite/16.1/nios2eds/bin/gnu/h-x86_64-mingw32/bin/../lib/gcc/nios2-elf/5.3.0/../../../../../H-x86_64-mingw32/nios2-elf/lib\libc.a(lib_a-__call_atexit.o)
                0x00000000045971ac                __call_exitprocs
 .text          0x000000000459732c       0x18 ../lab5_bsp/\libucosii_bsp.a(alt_exit.o)
                0x000000000459732c                _exit
 *(.gnu.warning.*)
 *(.fini)
                [!provide]                        PROVIDE (__etext, ABSOLUTE (.))
                [!provide]                        PROVIDE (_etext, ABSOLUTE (.))
                [!provide]                        PROVIDE (etext, ABSOLUTE (.))
 *(.eh_frame_hdr)
                0x0000000004597344                . = ALIGN (0x4)
                [!provide]                        PROVIDE (__preinit_array_start, ABSOLUTE (.))
 *(.preinit_array)
                [!provide]                        PROVIDE (__preinit_array_end, ABSOLUTE (.))
                [!provide]                        PROVIDE (__init_array_start, ABSOLUTE (.))
 *(.init_array)
                [!provide]                        PROVIDE (__init_array_end, ABSOLUTE (.))
                [!provide]                        PROVIDE (__fini_array_start, ABSOLUTE (.))
 *(.fini_array)
                [!provide]                        PROVIDE (__fini_array_end, ABSOLUTE (.))
 *(.eh_frame)
 *(.gcc_except_table .gcc_except_table.*)
 *(.dynamic)
                0x0000000004597344                PROVIDE (__CTOR_LIST__, ABSOLUTE (.))
 *(.ctors)
 *(SORT(.ctors.*))
                0x0000000004597344                PROVIDE (__CTOR_END__, ABSOLUTE (.))
                0x0000000004597344                PROVIDE (__DTOR_LIST__, ABSOLUTE (.))
 *(.dtors)
 *(SORT(.dtors.*))
                0x0000000004597344                PROVIDE (__DTOR_END__, ABSOLUTE (.))
 *(.jcr)
                0x0000000004597344                . = ALIGN (0x4)

.rodata         0x0000000004597344   0x1973b8
                0x0000000004597344                PROVIDE (__ram_rodata_start, ABSOLUTE (.))
                0x0000000004597344                . = ALIGN (0x4)
 *(.rodata .rodata.* .gnu.linkonce.r.*)
 .rodata        0x0000000004597344     0x77f2 obj/default/fonts/tahomabold_20.o
 .rodata        0x000000000459eb36    0x12520 obj/default/fonts/tahomabold_32.o
 *fill*         0x00000000045b1056        0x2 
 .rodata.str1.4
                0x00000000045b1058        0xe obj/default/graphic_lib/draw_gimps.o
 *fill*         0x00000000045b1066        0x2 
 .rodata.str1.4
                0x00000000045b1068       0x2f obj/default/hello_ucosii.o
 *fill*         0x00000000045b1097        0x1 
 .rodata        0x00000000045b1098     0x28cc obj/default/imagenes/back_down.o
                0x00000000045b1098                back_down
 .rodata        0x00000000045b3964     0x28cc obj/default/imagenes/back_up.o
                0x00000000045b3964                back_up
 .rodata        0x00000000045b6230     0x28cc obj/default/imagenes/ford_down.o
                0x00000000045b6230                ford_down
 .rodata        0x00000000045b8afc     0x28cc obj/default/imagenes/ford_up.o
                0x00000000045b8afc                ford_up
 .rodata        0x00000000045bb3c8     0x8dd0 obj/default/imagenes/pause_down.o
                0x00000000045bb3c8                pause_down
 .rodata        0x00000000045c4198     0x8dd0 obj/default/imagenes/pause_up.o
                0x00000000045c4198                pause_up
 .rodata        0x00000000045ccf68     0x7820 obj/default/imagenes/play_down.o
                0x00000000045ccf68                play_down
 .rodata        0x00000000045d4788     0x7820 obj/default/imagenes/play_up.o
                0x00000000045d4788                play_up
 .rodata        0x00000000045dbfa8     0x7f88 obj/default/imagenes/stop_down.o
                0x00000000045dbfa8                stop_down
 .rodata        0x00000000045e3f30     0x7f88 obj/default/imagenes/stop_up.o
                0x00000000045e3f30                stop_up
 .rodata        0x00000000045ebeb8   0x142440 obj/default/song/song.o
                0x00000000045ebeb8                song
 .rodata.str1.4
                0x000000000472e2f8       0x42 c:/intelfpga_lite/16.1/nios2eds/bin/gnu/h-x86_64-mingw32/bin/../lib/gcc/nios2-elf/5.3.0/../../../../../H-x86_64-mingw32/nios2-elf/lib\libc.a(lib_a-vfprintf.o)
 .rodata.zeroes.4404
                0x000000000472e33a       0x10 c:/intelfpga_lite/16.1/nios2eds/bin/gnu/h-x86_64-mingw32/bin/../lib/gcc/nios2-elf/5.3.0/../../../../../H-x86_64-mingw32/nios2-elf/lib\libc.a(lib_a-vfprintf.o)
 .rodata.blanks.4403
                0x000000000472e34a       0x10 c:/intelfpga_lite/16.1/nios2eds/bin/gnu/h-x86_64-mingw32/bin/../lib/gcc/nios2-elf/5.3.0/../../../../../H-x86_64-mingw32/nios2-elf/lib\libc.a(lib_a-vfprintf.o)
 *fill*         0x000000000472e35a        0x2 
 .rodata.str1.4
                0x000000000472e35c       0x10 c:/intelfpga_lite/16.1/nios2eds/bin/gnu/h-x86_64-mingw32/bin/../lib/gcc/nios2-elf/5.3.0/../../../../../H-x86_64-mingw32/nios2-elf/lib\libc.a(lib_a-dtoa.o)
                                         0x12 (size before relaxing)
 .rodata.str1.4
                0x000000000472e36c        0x2 c:/intelfpga_lite/16.1/nios2eds/bin/gnu/h-x86_64-mingw32/bin/../lib/gcc/nios2-elf/5.3.0/../../../../../H-x86_64-mingw32/nios2-elf/lib\libc.a(lib_a-impure.o)
 *fill*         0x000000000472e36e        0x2 
 .rodata.str1.4
                0x000000000472e370        0xa c:/intelfpga_lite/16.1/nios2eds/bin/gnu/h-x86_64-mingw32/bin/../lib/gcc/nios2-elf/5.3.0/../../../../../H-x86_64-mingw32/nios2-elf/lib\libc.a(lib_a-locale.o)
                                         0x12 (size before relaxing)
 *fill*         0x000000000472e37a        0x2 
 .rodata.p05.2768
                0x000000000472e37c        0xc c:/intelfpga_lite/16.1/nios2eds/bin/gnu/h-x86_64-mingw32/bin/../lib/gcc/nios2-elf/5.3.0/../../../../../H-x86_64-mingw32/nios2-elf/lib\libc.a(lib_a-mprec.o)
 .rodata.__mprec_tinytens
                0x000000000472e388       0x28 c:/intelfpga_lite/16.1/nios2eds/bin/gnu/h-x86_64-mingw32/bin/../lib/gcc/nios2-elf/5.3.0/../../../../../H-x86_64-mingw32/nios2-elf/lib\libc.a(lib_a-mprec.o)
                0x000000000472e388                __mprec_tinytens
 .rodata.__mprec_bigtens
                0x000000000472e3b0       0x28 c:/intelfpga_lite/16.1/nios2eds/bin/gnu/h-x86_64-mingw32/bin/../lib/gcc/nios2-elf/5.3.0/../../../../../H-x86_64-mingw32/nios2-elf/lib\libc.a(lib_a-mprec.o)
                0x000000000472e3b0                __mprec_bigtens
 .rodata.__mprec_tens
                0x000000000472e3d8       0xc8 c:/intelfpga_lite/16.1/nios2eds/bin/gnu/h-x86_64-mingw32/bin/../lib/gcc/nios2-elf/5.3.0/../../../../../H-x86_64-mingw32/nios2-elf/lib\libc.a(lib_a-mprec.o)
                0x000000000472e3d8                __mprec_tens
 .rodata.str1.4
                0x000000000472e4a0       0x2f c:/intelfpga_lite/16.1/nios2eds/bin/gnu/h-x86_64-mingw32/bin/../lib/gcc/nios2-elf/5.3.0/../../../../../H-x86_64-mingw32/nios2-elf/lib\libc.a(lib_a-vfiprintf.o)
 .rodata.zeroes.4349
                0x000000000472e4a0       0x10 c:/intelfpga_lite/16.1/nios2eds/bin/gnu/h-x86_64-mingw32/bin/../lib/gcc/nios2-elf/5.3.0/../../../../../H-x86_64-mingw32/nios2-elf/lib\libc.a(lib_a-vfiprintf.o)
 .rodata.blanks.4348
                0x000000000472e4b0       0x10 c:/intelfpga_lite/16.1/nios2eds/bin/gnu/h-x86_64-mingw32/bin/../lib/gcc/nios2-elf/5.3.0/../../../../../H-x86_64-mingw32/nios2-elf/lib\libc.a(lib_a-vfiprintf.o)
 .rodata        0x000000000472e4c0      0x100 c:/intelfpga_lite/16.1/nios2eds/bin/gnu/h-x86_64-mingw32/bin/../lib/gcc/nios2-elf/5.3.0\libgcc.a(_clz.o)
                0x000000000472e4c0                __clz_tab
 .rodata.str1.4
                0x000000000472e5c0        0xa ../lab5_bsp/\libucosii_bsp.a(alt_dev.o)
 *fill*         0x000000000472e5ca        0x2 
 .rodata.str1.4
                0x000000000472e5cc        0xf ../lab5_bsp/\libucosii_bsp.a(alt_main.o)
 *fill*         0x000000000472e5db        0x1 
 .rodata.str1.4
                0x000000000472e5dc       0x20 ../lab5_bsp/\libucosii_bsp.a(os_core.o)
                                         0x1e (size before relaxing)
 .rodata        0x000000000472e5fc      0x100 ../lab5_bsp/\libucosii_bsp.a(os_core.o)
                0x000000000472e5fc                OSUnMapTbl
 .rodata.str1.4
                0x000000000472e6fc        0xf ../lab5_bsp/\libucosii_bsp.a(alt_sys_init.o)
 .rodata.str1.4
                0x000000000472e6fc        0x2 ../lab5_bsp/\libucosii_bsp.a(os_cpu_c.o)
 *(.rodata1)
                0x000000000472e70c                . = ALIGN (0x4)
                0x000000000472e70c                PROVIDE (__ram_rodata_end, ABSOLUTE (.))
                0x0000000004597344                PROVIDE (__flash_rodata_start, LOADADDR (.rodata))

.rwdata         0x000000000472e6fc     0x3718 load address 0x0000000004731e14
                0x000000000472e6fc                PROVIDE (__ram_rwdata_start, ABSOLUTE (.))
                0x000000000472e6fc                . = ALIGN (0x4)
 *(.got.plt)
 *(.got)
 *(.data1)
 *(.data .data.* .gnu.linkonce.d.*)
 .data          0x000000000472e6fc        0x0 ../lab5_bsp//obj/HAL/src/crt0.o
 .data          0x000000000472e6fc        0x0 obj/default/drivers/drivers.o
 .data          0x000000000472e6fc      0xbc0 obj/default/fonts/tahomabold_20.o
                0x000000000472e6fc                tahomabold_20
 .data          0x000000000472f2bc      0xbc0 obj/default/fonts/tahomabold_32.o
                0x000000000472f2bc                tahomabold_32
 .data          0x000000000472fe7c        0x0 obj/default/frame.o
 .data          0x000000000472fe7c        0x0 obj/default/graphic_lib/draw_gimps.o
 .data          0x000000000472fe7c        0x0 obj/default/graphic_lib/gimp_bmp.o
 .data          0x000000000472fe7c      0x415 obj/default/graphic_lib/simple_graphics.o
                0x000000000472fe7c                cour10_font_array
 .data          0x0000000004730291        0x0 obj/default/graphic_lib/simple_text.o
 .data          0x0000000004730291        0x0 obj/default/hello_ucosii.o
 .data          0x0000000004730291        0x0 obj/default/imagenes/back_down.o
 .data          0x0000000004730291        0x0 obj/default/imagenes/back_up.o
 .data          0x0000000004730291        0x0 obj/default/imagenes/ford_down.o
 .data          0x0000000004730291        0x0 obj/default/imagenes/ford_up.o
 .data          0x0000000004730291        0x0 obj/default/imagenes/pause_down.o
 .data          0x0000000004730291        0x0 obj/default/imagenes/pause_up.o
 .data          0x0000000004730291        0x0 obj/default/imagenes/play_down.o
 .data          0x0000000004730291        0x0 obj/default/imagenes/play_up.o
 .data          0x0000000004730291        0x0 obj/default/imagenes/stop_down.o
 .data          0x0000000004730291        0x0 obj/default/imagenes/stop_up.o
 .data          0x0000000004730291        0x0 obj/default/song/song.o
 .data          0x0000000004730291        0x0 obj/default/student_code/student_code.o
 .data          0x0000000004730291        0x0 obj/default/vip_fr.o
 .data          0x0000000004730291        0x0 c:/intelfpga_lite/16.1/nios2eds/bin/gnu/h-x86_64-mingw32/bin/../lib/gcc/nios2-elf/5.3.0\libgcc.a(lib2-divmod.o)
 .data          0x0000000004730291        0x0 c:/intelfpga_lite/16.1/nios2eds/bin/gnu/h-x86_64-mingw32/bin/../lib/gcc/nios2-elf/5.3.0\libgcc.a(fixsfsi.o)
 .data          0x0000000004730291        0x0 c:/intelfpga_lite/16.1/nios2eds/bin/gnu/h-x86_64-mingw32/bin/../lib/gcc/nios2-elf/5.3.0/../../../../../H-x86_64-mingw32/nios2-elf/lib\libc.a(lib_a-malloc.o)
 .data          0x0000000004730291        0x0 c:/intelfpga_lite/16.1/nios2eds/bin/gnu/h-x86_64-mingw32/bin/../lib/gcc/nios2-elf/5.3.0/../../../../../H-x86_64-mingw32/nios2-elf/lib\libc.a(lib_a-mallocr.o)
 *fill*         0x0000000004730291        0x3 
 .data.__malloc_av_
                0x0000000004730294      0x408 c:/intelfpga_lite/16.1/nios2eds/bin/gnu/h-x86_64-mingw32/bin/../lib/gcc/nios2-elf/5.3.0/../../../../../H-x86_64-mingw32/nios2-elf/lib\libc.a(lib_a-mallocr.o)
                0x0000000004730294                __malloc_av_
 .data          0x000000000473069c        0x0 c:/intelfpga_lite/16.1/nios2eds/bin/gnu/h-x86_64-mingw32/bin/../lib/gcc/nios2-elf/5.3.0/../../../../../H-x86_64-mingw32/nios2-elf/lib\libc.a(lib_a-memcpy.o)
 .data          0x000000000473069c        0x0 c:/intelfpga_lite/16.1/nios2eds/bin/gnu/h-x86_64-mingw32/bin/../lib/gcc/nios2-elf/5.3.0/../../../../../H-x86_64-mingw32/nios2-elf/lib\libc.a(lib_a-memset.o)
 .data          0x000000000473069c        0x0 c:/intelfpga_lite/16.1/nios2eds/bin/gnu/h-x86_64-mingw32/bin/../lib/gcc/nios2-elf/5.3.0/../../../../../H-x86_64-mingw32/nios2-elf/lib\libc.a(lib_a-printf.o)
 .data          0x000000000473069c        0x0 c:/intelfpga_lite/16.1/nios2eds/bin/gnu/h-x86_64-mingw32/bin/../lib/gcc/nios2-elf/5.3.0/../../../../../H-x86_64-mingw32/nios2-elf/lib\libc.a(lib_a-sbrkr.o)
 .data          0x000000000473069c        0x0 c:/intelfpga_lite/16.1/nios2eds/bin/gnu/h-x86_64-mingw32/bin/../lib/gcc/nios2-elf/5.3.0/../../../../../H-x86_64-mingw32/nios2-elf/lib\libc.a(lib_a-strcpy.o)
 .data          0x000000000473069c        0x0 c:/intelfpga_lite/16.1/nios2eds/bin/gnu/h-x86_64-mingw32/bin/../lib/gcc/nios2-elf/5.3.0/../../../../../H-x86_64-mingw32/nios2-elf/lib\libc.a(lib_a-strlen.o)
 .data          0x000000000473069c        0x0 c:/intelfpga_lite/16.1/nios2eds/bin/gnu/h-x86_64-mingw32/bin/../lib/gcc/nios2-elf/5.3.0/../../../../../H-x86_64-mingw32/nios2-elf/lib\libc.a(lib_a-vfprintf.o)
 .data          0x000000000473069c        0x0 c:/intelfpga_lite/16.1/nios2eds/bin/gnu/h-x86_64-mingw32/bin/../lib/gcc/nios2-elf/5.3.0/../../../../../H-x86_64-mingw32/nios2-elf/lib\libc.a(lib_a-wsetup.o)
 .data          0x000000000473069c        0x0 c:/intelfpga_lite/16.1/nios2eds/bin/gnu/h-x86_64-mingw32/bin/../lib/gcc/nios2-elf/5.3.0/../../../../../H-x86_64-mingw32/nios2-elf/lib\libc.a(lib_a-dtoa.o)
 .data          0x000000000473069c        0x0 c:/intelfpga_lite/16.1/nios2eds/bin/gnu/h-x86_64-mingw32/bin/../lib/gcc/nios2-elf/5.3.0/../../../../../H-x86_64-mingw32/nios2-elf/lib\libc.a(lib_a-fflush.o)
 .data          0x000000000473069c        0x0 c:/intelfpga_lite/16.1/nios2eds/bin/gnu/h-x86_64-mingw32/bin/../lib/gcc/nios2-elf/5.3.0/../../../../../H-x86_64-mingw32/nios2-elf/lib\libc.a(lib_a-findfp.o)
 .data          0x000000000473069c        0x0 c:/intelfpga_lite/16.1/nios2eds/bin/gnu/h-x86_64-mingw32/bin/../lib/gcc/nios2-elf/5.3.0/../../../../../H-x86_64-mingw32/nios2-elf/lib\libc.a(lib_a-freer.o)
 .data          0x000000000473069c        0x0 c:/intelfpga_lite/16.1/nios2eds/bin/gnu/h-x86_64-mingw32/bin/../lib/gcc/nios2-elf/5.3.0/../../../../../H-x86_64-mingw32/nios2-elf/lib\libc.a(lib_a-fwalk.o)
 .data          0x000000000473069c        0x0 c:/intelfpga_lite/16.1/nios2eds/bin/gnu/h-x86_64-mingw32/bin/../lib/gcc/nios2-elf/5.3.0/../../../../../H-x86_64-mingw32/nios2-elf/lib\libc.a(lib_a-impure.o)
 .data.impure_data
                0x000000000473069c      0x424 c:/intelfpga_lite/16.1/nios2eds/bin/gnu/h-x86_64-mingw32/bin/../lib/gcc/nios2-elf/5.3.0/../../../../../H-x86_64-mingw32/nios2-elf/lib\libc.a(lib_a-impure.o)
 .data          0x0000000004730ac0        0x0 c:/intelfpga_lite/16.1/nios2eds/bin/gnu/h-x86_64-mingw32/bin/../lib/gcc/nios2-elf/5.3.0/../../../../../H-x86_64-mingw32/nios2-elf/lib\libc.a(lib_a-int_errno.o)
 .data          0x0000000004730ac0        0x0 c:/intelfpga_lite/16.1/nios2eds/bin/gnu/h-x86_64-mingw32/bin/../lib/gcc/nios2-elf/5.3.0/../../../../../H-x86_64-mingw32/nios2-elf/lib\libc.a(lib_a-locale.o)
 .data.lc_message_charset
                0x0000000004730ac0       0x20 c:/intelfpga_lite/16.1/nios2eds/bin/gnu/h-x86_64-mingw32/bin/../lib/gcc/nios2-elf/5.3.0/../../../../../H-x86_64-mingw32/nios2-elf/lib\libc.a(lib_a-locale.o)
 .data.lc_ctype_charset
                0x0000000004730ae0       0x20 c:/intelfpga_lite/16.1/nios2eds/bin/gnu/h-x86_64-mingw32/bin/../lib/gcc/nios2-elf/5.3.0/../../../../../H-x86_64-mingw32/nios2-elf/lib\libc.a(lib_a-locale.o)
 .data.lconv    0x0000000004730b00       0x38 c:/intelfpga_lite/16.1/nios2eds/bin/gnu/h-x86_64-mingw32/bin/../lib/gcc/nios2-elf/5.3.0/../../../../../H-x86_64-mingw32/nios2-elf/lib\libc.a(lib_a-locale.o)
 .data          0x0000000004730b38        0x0 c:/intelfpga_lite/16.1/nios2eds/bin/gnu/h-x86_64-mingw32/bin/../lib/gcc/nios2-elf/5.3.0/../../../../../H-x86_64-mingw32/nios2-elf/lib\libc.a(lib_a-makebuf.o)
 .data          0x0000000004730b38        0x0 c:/intelfpga_lite/16.1/nios2eds/bin/gnu/h-x86_64-mingw32/bin/../lib/gcc/nios2-elf/5.3.0/../../../../../H-x86_64-mingw32/nios2-elf/lib\libc.a(lib_a-memchr.o)
 .data          0x0000000004730b38        0x0 c:/intelfpga_lite/16.1/nios2eds/bin/gnu/h-x86_64-mingw32/bin/../lib/gcc/nios2-elf/5.3.0/../../../../../H-x86_64-mingw32/nios2-elf/lib\libc.a(lib_a-mprec.o)
 .data          0x0000000004730b38        0x0 c:/intelfpga_lite/16.1/nios2eds/bin/gnu/h-x86_64-mingw32/bin/../lib/gcc/nios2-elf/5.3.0/../../../../../H-x86_64-mingw32/nios2-elf/lib\libc.a(lib_a-s_fpclassify.o)
 .data          0x0000000004730b38        0x0 c:/intelfpga_lite/16.1/nios2eds/bin/gnu/h-x86_64-mingw32/bin/../lib/gcc/nios2-elf/5.3.0/../../../../../H-x86_64-mingw32/nios2-elf/lib\libc.a(lib_a-stdio.o)
 .data          0x0000000004730b38        0x0 c:/intelfpga_lite/16.1/nios2eds/bin/gnu/h-x86_64-mingw32/bin/../lib/gcc/nios2-elf/5.3.0/../../../../../H-x86_64-mingw32/nios2-elf/lib\libc.a(lib_a-strcmp.o)
 .data          0x0000000004730b38        0x0 c:/intelfpga_lite/16.1/nios2eds/bin/gnu/h-x86_64-mingw32/bin/../lib/gcc/nios2-elf/5.3.0/../../../../../H-x86_64-mingw32/nios2-elf/lib\libc.a(lib_a-vfiprintf.o)
 .data          0x0000000004730b38        0x0 c:/intelfpga_lite/16.1/nios2eds/bin/gnu/h-x86_64-mingw32/bin/../lib/gcc/nios2-elf/5.3.0/../../../../../H-x86_64-mingw32/nios2-elf/lib\libc.a(lib_a-writer.o)
 .data          0x0000000004730b38        0x0 c:/intelfpga_lite/16.1/nios2eds/bin/gnu/h-x86_64-mingw32/bin/../lib/gcc/nios2-elf/5.3.0/../../../../../H-x86_64-mingw32/nios2-elf/lib\libc.a(closer.o)
 .data          0x0000000004730b38        0x0 c:/intelfpga_lite/16.1/nios2eds/bin/gnu/h-x86_64-mingw32/bin/../lib/gcc/nios2-elf/5.3.0/../../../../../H-x86_64-mingw32/nios2-elf/lib\libc.a(lib_a-callocr.o)
 .data          0x0000000004730b38        0x0 c:/intelfpga_lite/16.1/nios2eds/bin/gnu/h-x86_64-mingw32/bin/../lib/gcc/nios2-elf/5.3.0/../../../../../H-x86_64-mingw32/nios2-elf/lib\libc.a(lib_a-fclose.o)
 .data          0x0000000004730b38        0x0 c:/intelfpga_lite/16.1/nios2eds/bin/gnu/h-x86_64-mingw32/bin/../lib/gcc/nios2-elf/5.3.0/../../../../../H-x86_64-mingw32/nios2-elf/lib\libc.a(lib_a-fputwc.o)
 .data          0x0000000004730b38        0x0 c:/intelfpga_lite/16.1/nios2eds/bin/gnu/h-x86_64-mingw32/bin/../lib/gcc/nios2-elf/5.3.0/../../../../../H-x86_64-mingw32/nios2-elf/lib\libc.a(lib_a-fstatr.o)
 .data          0x0000000004730b38        0x0 c:/intelfpga_lite/16.1/nios2eds/bin/gnu/h-x86_64-mingw32/bin/../lib/gcc/nios2-elf/5.3.0/../../../../../H-x86_64-mingw32/nios2-elf/lib\libc.a(lib_a-fvwrite.o)
 .data          0x0000000004730b38        0x0 c:/intelfpga_lite/16.1/nios2eds/bin/gnu/h-x86_64-mingw32/bin/../lib/gcc/nios2-elf/5.3.0/../../../../../H-x86_64-mingw32/nios2-elf/lib\libc.a(lib_a-isattyr.o)
 .data          0x0000000004730b38        0x0 c:/intelfpga_lite/16.1/nios2eds/bin/gnu/h-x86_64-mingw32/bin/../lib/gcc/nios2-elf/5.3.0/../../../../../H-x86_64-mingw32/nios2-elf/lib\libc.a(lib_a-lseekr.o)
 .data          0x0000000004730b38        0x0 c:/intelfpga_lite/16.1/nios2eds/bin/gnu/h-x86_64-mingw32/bin/../lib/gcc/nios2-elf/5.3.0/../../../../../H-x86_64-mingw32/nios2-elf/lib\libc.a(lib_a-memmove.o)
 .data          0x0000000004730b38        0x0 c:/intelfpga_lite/16.1/nios2eds/bin/gnu/h-x86_64-mingw32/bin/../lib/gcc/nios2-elf/5.3.0/../../../../../H-x86_64-mingw32/nios2-elf/lib\libc.a(lib_a-readr.o)
 .data          0x0000000004730b38        0x0 c:/intelfpga_lite/16.1/nios2eds/bin/gnu/h-x86_64-mingw32/bin/../lib/gcc/nios2-elf/5.3.0/../../../../../H-x86_64-mingw32/nios2-elf/lib\libc.a(lib_a-reallocr.o)
 .data          0x0000000004730b38        0x0 c:/intelfpga_lite/16.1/nios2eds/bin/gnu/h-x86_64-mingw32/bin/../lib/gcc/nios2-elf/5.3.0/../../../../../H-x86_64-mingw32/nios2-elf/lib\libc.a(lib_a-wbuf.o)
 .data          0x0000000004730b38        0x0 c:/intelfpga_lite/16.1/nios2eds/bin/gnu/h-x86_64-mingw32/bin/../lib/gcc/nios2-elf/5.3.0/../../../../../H-x86_64-mingw32/nios2-elf/lib\libc.a(lib_a-wcrtomb.o)
 .data          0x0000000004730b38        0x0 c:/intelfpga_lite/16.1/nios2eds/bin/gnu/h-x86_64-mingw32/bin/../lib/gcc/nios2-elf/5.3.0/../../../../../H-x86_64-mingw32/nios2-elf/lib\libc.a(lib_a-wctomb_r.o)
 .data          0x0000000004730b38        0x0 c:/intelfpga_lite/16.1/nios2eds/bin/gnu/h-x86_64-mingw32/bin/../lib/gcc/nios2-elf/5.3.0\libgcc.a(_udivdi3.o)
 .data          0x0000000004730b38        0x0 c:/intelfpga_lite/16.1/nios2eds/bin/gnu/h-x86_64-mingw32/bin/../lib/gcc/nios2-elf/5.3.0\libgcc.a(_umoddi3.o)
 .data          0x0000000004730b38        0x0 c:/intelfpga_lite/16.1/nios2eds/bin/gnu/h-x86_64-mingw32/bin/../lib/gcc/nios2-elf/5.3.0\libgcc.a(adddf3.o)
 .data          0x0000000004730b38        0x0 c:/intelfpga_lite/16.1/nios2eds/bin/gnu/h-x86_64-mingw32/bin/../lib/gcc/nios2-elf/5.3.0\libgcc.a(divdf3.o)
 .data          0x0000000004730b38        0x0 c:/intelfpga_lite/16.1/nios2eds/bin/gnu/h-x86_64-mingw32/bin/../lib/gcc/nios2-elf/5.3.0\libgcc.a(eqdf2.o)
 .data          0x0000000004730b38        0x0 c:/intelfpga_lite/16.1/nios2eds/bin/gnu/h-x86_64-mingw32/bin/../lib/gcc/nios2-elf/5.3.0\libgcc.a(gedf2.o)
 .data          0x0000000004730b38        0x0 c:/intelfpga_lite/16.1/nios2eds/bin/gnu/h-x86_64-mingw32/bin/../lib/gcc/nios2-elf/5.3.0\libgcc.a(ledf2.o)
 .data          0x0000000004730b38        0x0 c:/intelfpga_lite/16.1/nios2eds/bin/gnu/h-x86_64-mingw32/bin/../lib/gcc/nios2-elf/5.3.0\libgcc.a(muldf3.o)
 .data          0x0000000004730b38        0x0 c:/intelfpga_lite/16.1/nios2eds/bin/gnu/h-x86_64-mingw32/bin/../lib/gcc/nios2-elf/5.3.0\libgcc.a(subdf3.o)
 .data          0x0000000004730b38        0x0 c:/intelfpga_lite/16.1/nios2eds/bin/gnu/h-x86_64-mingw32/bin/../lib/gcc/nios2-elf/5.3.0\libgcc.a(fixdfsi.o)
 .data          0x0000000004730b38        0x0 c:/intelfpga_lite/16.1/nios2eds/bin/gnu/h-x86_64-mingw32/bin/../lib/gcc/nios2-elf/5.3.0\libgcc.a(floatsidf.o)
 .data          0x0000000004730b38        0x0 c:/intelfpga_lite/16.1/nios2eds/bin/gnu/h-x86_64-mingw32/bin/../lib/gcc/nios2-elf/5.3.0\libgcc.a(floatunsidf.o)
 .data          0x0000000004730b38        0x0 c:/intelfpga_lite/16.1/nios2eds/bin/gnu/h-x86_64-mingw32/bin/../lib/gcc/nios2-elf/5.3.0\libgcc.a(_clz.o)
 .data          0x0000000004730b38        0x0 c:/intelfpga_lite/16.1/nios2eds/bin/gnu/h-x86_64-mingw32/bin/../lib/gcc/nios2-elf/5.3.0\libgcc.a(_clzsi2.o)
 .data          0x0000000004730b38        0x0 ../lab5_bsp/\libucosii_bsp.a(alt_close.o)
 .data          0x0000000004730b38        0x0 ../lab5_bsp/\libucosii_bsp.a(alt_dcache_flush_all.o)
 .data          0x0000000004730b38      0x1a8 ../lab5_bsp/\libucosii_bsp.a(alt_dev.o)
                0x0000000004730b38                alt_fd_list
                0x0000000004730cb8                alt_dev_null
 .data          0x0000000004730ce0        0x0 ../lab5_bsp/\libucosii_bsp.a(alt_errno.o)
 .data          0x0000000004730ce0        0x0 ../lab5_bsp/\libucosii_bsp.a(alt_fstat.o)
 .data          0x0000000004730ce0        0x0 ../lab5_bsp/\libucosii_bsp.a(alt_isatty.o)
 .data          0x0000000004730ce0        0x0 ../lab5_bsp/\libucosii_bsp.a(alt_load.o)
 .data          0x0000000004730ce0        0x0 ../lab5_bsp/\libucosii_bsp.a(alt_lseek.o)
 .data          0x0000000004730ce0        0x0 ../lab5_bsp/\libucosii_bsp.a(alt_main.o)
 .data          0x0000000004730ce0        0x0 ../lab5_bsp/\libucosii_bsp.a(alt_read.o)
 .data          0x0000000004730ce0        0x0 ../lab5_bsp/\libucosii_bsp.a(alt_release_fd.o)
 .data          0x0000000004730ce0        0x0 ../lab5_bsp/\libucosii_bsp.a(alt_sbrk.o)
 .data          0x0000000004730ce0        0x0 ../lab5_bsp/\libucosii_bsp.a(alt_tick.o)
 .data          0x0000000004730ce0        0x0 ../lab5_bsp/\libucosii_bsp.a(alt_write.o)
 .data          0x0000000004730ce0        0x0 ../lab5_bsp/\libucosii_bsp.a(alt_env_lock.o)
 .data          0x0000000004730ce0        0x0 ../lab5_bsp/\libucosii_bsp.a(alt_malloc_lock.o)
 .data          0x0000000004730ce0        0x0 ../lab5_bsp/\libucosii_bsp.a(os_core.o)
 .data          0x0000000004730ce0        0x0 ../lab5_bsp/\libucosii_bsp.a(os_dbg.o)
 .data          0x0000000004730ce0        0x0 ../lab5_bsp/\libucosii_bsp.a(os_flag.o)
 .data          0x0000000004730ce0        0x0 ../lab5_bsp/\libucosii_bsp.a(os_mem.o)
 .data          0x0000000004730ce0        0x0 ../lab5_bsp/\libucosii_bsp.a(os_q.o)
 .data          0x0000000004730ce0        0x0 ../lab5_bsp/\libucosii_bsp.a(os_sem.o)
 .data          0x0000000004730ce0        0x0 ../lab5_bsp/\libucosii_bsp.a(os_task.o)
 .data          0x0000000004730ce0        0x0 ../lab5_bsp/\libucosii_bsp.a(os_time.o)
 .data          0x0000000004730ce0     0x106c ../lab5_bsp/\libucosii_bsp.a(alt_sys_init.o)
 .data          0x0000000004731d4c        0x0 ../lab5_bsp/\libucosii_bsp.a(altera_avalon_jtag_uart_fd.o)
 .data          0x0000000004731d4c        0x0 ../lab5_bsp/\libucosii_bsp.a(altera_avalon_jtag_uart_init.o)
 .data          0x0000000004731d4c        0x0 ../lab5_bsp/\libucosii_bsp.a(altera_avalon_jtag_uart_ioctl.o)
 .data          0x0000000004731d4c        0x0 ../lab5_bsp/\libucosii_bsp.a(altera_avalon_jtag_uart_read.o)
 .data          0x0000000004731d4c        0x0 ../lab5_bsp/\libucosii_bsp.a(altera_avalon_jtag_uart_write.o)
 .data          0x0000000004731d4c        0x0 ../lab5_bsp/\libucosii_bsp.a(altera_avalon_timer_sc.o)
 .data          0x0000000004731d4c        0x0 ../lab5_bsp/\libucosii_bsp.a(alt_alarm_start.o)
 .data          0x0000000004731d4c        0x0 ../lab5_bsp/\libucosii_bsp.a(alt_dev_llist_insert.o)